Archive member included to satisfy reference by file (symbol)

C:/devkitPro/libogc/lib/wii\libfat.a(libfat.o)
                              main.o (fatInitDefault)
C:/devkitPro/libogc/lib/wii\libfat.a(directory.o)
                              C:/devkitPro/libogc/lib/wii\libfat.a(libfat.o) (_FAT_directory_getVolumeLabel)
C:/devkitPro/libogc/lib/wii\libfat.a(filetime.o)
                              C:/devkitPro/libogc/lib/wii\libfat.a(directory.o) (_FAT_filetime_to_time_t)
C:/devkitPro/libogc/lib/wii\libfat.a(file_allocation_table.o)
                              C:/devkitPro/libogc/lib/wii\libfat.a(directory.o) (_FAT_fat_nextCluster)
C:/devkitPro/libogc/lib/wii\libfat.a(disc.o)
                              C:/devkitPro/libogc/lib/wii\libfat.a(libfat.o) (_FAT_disc_interfaces)
C:/devkitPro/libogc/lib/wii\libfat.a(fatfile.o)
                              C:/devkitPro/libogc/lib/wii\libfat.a(libfat.o) (_FAT_open_r)
C:/devkitPro/libogc/lib/wii\libfat.a(cache.o)
                              C:/devkitPro/libogc/lib/wii\libfat.a(fatfile.o) (_FAT_cache_readSectors)
C:/devkitPro/libogc/lib/wii\libfat.a(fatdir.o)
                              C:/devkitPro/libogc/lib/wii\libfat.a(libfat.o) (_FAT_stat_r)
C:/devkitPro/libogc/lib/wii\libfat.a(partition.o)
                              C:/devkitPro/libogc/lib/wii\libfat.a(fatfile.o) (_FAT_partition_getPartitionFromPath)
C:/devkitPro/libogc/lib/wii\libogc.a(console.o)
                              main.o (CON_Init)
C:/devkitPro/libogc/lib/wii\libogc.a(lwp_threads.o)
                              run_dol.o (__lwp_thread_stopmultitasking)
C:/devkitPro/libogc/lib/wii\libogc.a(lwp_handler.o)
                              C:/devkitPro/libogc/lib/wii\libogc.a(lwp_threads.o) (_cpu_context_save_fp)
C:/devkitPro/libogc/lib/wii\libogc.a(lwp_stack.o)
                              C:/devkitPro/libogc/lib/wii\libogc.a(lwp_threads.o) (__lwp_stack_allocate)
C:/devkitPro/libogc/lib/wii\libogc.a(lwp_watchdog.o)
                              C:/devkitPro/libogc/lib/wii\libogc.a(lwp_threads.o) (_wd_ticks_queue)
C:/devkitPro/libogc/lib/wii\libogc.a(lwp_wkspace.o)
                              C:/devkitPro/libogc/lib/wii\libogc.a(lwp_stack.o) (__wkspace_heap)
C:/devkitPro/libogc/lib/wii\libogc.a(lwp_objmgr.o)
                              C:/devkitPro/libogc/lib/wii\libogc.a(lwp_threads.o) (__lwp_objmgr_free)
C:/devkitPro/libogc/lib/wii\libogc.a(lwp_heap.o)
                              C:/devkitPro/libogc/lib/wii\libogc.a(lwp_wkspace.o) (__lwp_heap_init)
C:/devkitPro/libogc/lib/wii\libogc.a(sys_state.o)
                              C:/devkitPro/libogc/lib/wii\libogc.a(lwp_threads.o) (_sys_state_curr)
C:/devkitPro/libogc/lib/wii\libogc.a(video.o)
                              C:/devkitPro/libogc/lib/wii\libogc.a(console.o) (VIDEO_GetCurrentFramebuffer)
C:/devkitPro/libogc/lib/wii\libogc.a(mutex.o)
                              C:/devkitPro/libogc/lib/wii\libfat.a(partition.o) (LWP_MutexInit)
C:/devkitPro/libogc/lib/wii\libogc.a(cache_asm.o)
                              run_dol.o (DCFlushRange)
C:/devkitPro/libogc/lib/wii\libogc.a(system.o)
                              C:/devkitPro/devkitPPC/bin/../lib/gcc/powerpc-eabi/13.1.0/../../../../powerpc-eabi/lib/crtmain.o (SYS_PreMain)
C:/devkitPro/libogc/lib/wii\libogc.a(cond.o)
                              C:/devkitPro/libogc/lib/wii\libogc.a(system.o) (__lwp_cond_init)
C:/devkitPro/libogc/lib/wii\libogc.a(decrementer.o)
                              C:/devkitPro/libogc/lib/wii\libogc.a(system.o) (__decrementer_init)
C:/devkitPro/libogc/lib/wii\libogc.a(message.o)
                              C:/devkitPro/libogc/lib/wii\libogc.a(system.o) (__lwp_mqbox_init)
C:/devkitPro/libogc/lib/wii\libogc.a(si.o)
                              C:/devkitPro/libogc/lib/wii\libogc.a(video.o) (SI_RefreshSamplingRate)
C:/devkitPro/libogc/lib/wii\libogc.a(ipc.o)
                              C:/devkitPro/libogc/lib/wii\libogc.a(system.o) (__IPC_ClntInit)
C:/devkitPro/libogc/lib/wii\libogc.a(ogc_crt0.o)
                              run_dol.o (_start)
C:/devkitPro/libogc/lib/wii\libogc.a(console_font_8x16.o)
                              C:/devkitPro/libogc/lib/wii\libogc.a(console.o) (console_font_8x16)
C:/devkitPro/libogc/lib/wii\libogc.a(timesupp.o)
                              C:/devkitPro/libogc/lib/wii\libogc.a(system.o) (gettick)
C:/devkitPro/libogc/lib/wii\libogc.a(lock_supp.o)
                              C:/devkitPro/libogc/lib/wii\libogc.a(system.o) (__syscall_lock_init)
C:/devkitPro/libogc/lib/wii\libogc.a(usbgecko.o)
                              C:/devkitPro/libogc/lib/wii\libogc.a(console.o) (usb_isgeckoalive)
C:/devkitPro/libogc/lib/wii\libogc.a(sbrk.o)
                              C:/devkitPro/libogc/lib/wii\libogc.a(system.o) (_sbrk_r)
C:/devkitPro/libogc/lib/wii\libogc.a(malloc_lock.o)
[...]
Memory Configuration

Name             Origin             Length             Attributes
*default*        0x00000000         0xffffffff

Linker script and memory map

                0x00003400                        . = 0x3400

.stub
 *(.stub)
                0x80004000                        . = 0x80004000

.init           0x81200000      0x194
 *crt0.o(*.init)
 .init          0x81200000      0x170 C:/devkitPro/libogc/lib/wii\libogc.a(ogc_crt0.o)
                0x81200000                _start
                0x81200140                _memset
 *(.init)
 .init          0x81200170        0xc C:/devkitPro/devkitPPC/bin/../lib/gcc/powerpc-eabi/13.1.0/ecrti.o
                0x81200170                __init
 .init          0x8120017c        0x4 C:/devkitPro/devkitPPC/bin/../lib/gcc/powerpc-eabi/13.1.0/crtbegin.o
 .init          0x81200180        0x4 C:/devkitPro/devkitPPC/bin/../lib/gcc/powerpc-eabi/13.1.0/crtend.o
 .init          0x81200184       0x10 C:/devkitPro/devkitPPC/bin/../lib/gcc/powerpc-eabi/13.1.0/ecrtn.o

.rela.dyn       0x81200194        0x0
 .rela.iplt     0x81200194        0x0 C:/devkitPro/devkitPPC/bin/../lib/gcc/powerpc-eabi/13.1.0/crtbegin.o

.plt
 *(.plt)

.interp
 *(.interp)

.hash
 *(.hash)

.dynsym
 *(.dynsym)

.dynstr
 *(.dynstr)

.gnu.version
 *(.gnu.version)

.gnu.version_d
 *(.gnu.version_d)

.gnu.version_r
 *(.gnu.version_r)

.rel.init
 *(.rel.init)

.rela.init
 *(.rela.init)

.rel.text
 *(.rel.text .rel.text.* .rel.gnu.linkonce.t.*)

.rela.text      0x81200194        0x0
 *(.rela.text .rela.text.* .rela.gnu.linkonce.t.*)
 .rela.text.__do_global_dtors_aux
                0x81200194        0x0 C:/devkitPro/devkitPPC/bin/../lib/gcc/powerpc-eabi/13.1.0/crtbegin.o
 .rela.text.frame_dummy
                0x81200194        0x0 C:/devkitPro/devkitPPC/bin/../lib/gcc/powerpc-eabi/13.1.0/crtbegin.o
 .rela.text.unlikely.abort
                0x81200194        0x0 C:/devkitPro/devkitPPC/bin/../lib/gcc/powerpc-eabi/13.1.0/crtbegin.o
 .rela.text.__assert_func
                0x81200194        0x0 C:/devkitPro/devkitPPC/bin/../lib/gcc/powerpc-eabi/13.1.0/crtbegin.o

.rel.fini
 *(.rel.fini)

.rela.fini
 *(.rela.fini)

.rel.rodata
 *(.rel.rodata .rel.rodata.* .rel.gnu.linkonce.r.*)

.rela.rodata
 *(.rela.rodata .rela.rodata.* .rela.gnu.linkonce.r.*)

.rel.data
 *(.rel.data .rel.data.* .rel.gnu.linkonce.d.*)

.rela.data
 *(.rela.data .rela.data.* .rela.gnu.linkonce.d.*)

.rel.tdata
 *(.rel.tdata .rel.tdata.* .rel.gnu.linkonce.td.*)

.rela.tdata
 *(.rela.tdata .rela.tdata.* .rela.gnu.linkonce.td.*)

.rel.tbss
 *(.rel.tbss .rel.tbss.* .rel.gnu.linkonce.tb.*)

.rela.tbss
 *(.rela.tbss .rela.tbss.* .rela.gnu.linkonce.tb.*)

.rel.ctors
 *(.rel.ctors)

.rela.ctors
 *(.rela.ctors)

.rel.dtors
 *(.rel.dtors)

.rela.dtors
 *(.rela.dtors)

.rel.got
 *(.rel.got)

.rela.got
 *(.rela.got)

.rela.got1
 *(.rela.got1)

.rela.got2
 *(.rela.got2)

.rel.sdata
 *(.rel.sdata .rel.sdata.* .rel.gnu.linkonce.s.*)

.rela.sdata
 *(.rela.sdata .rela.sdata.* .rela.gnu.linkonce.s.*)

.rel.sbss
 *(.rel.sbss .rel.sbss.* .rel.gnu.linkonce.sb.*)

.rela.sbss
 *(.rela.sbss .rela.sbss.* .rel.gnu.linkonce.sb.*)

.rel.sdata2
 *(.rel.sdata2 .rel.sdata2.* .rel.gnu.linkonce.s2.*)

.rela.sdata2
 *(.rela.sdata2 .rela.sdata2.* .rela.gnu.linkonce.s2.*)

.rel.sbss2
 *(.rel.sbss2 .rel.sbss2.* .rel.gnu.linkonce.sb2.*)

.rela.sbss2
 *(.rela.sbss2 .rela.sbss2.* .rela.gnu.linkonce.sb2.*)

.rel.bss
 *(.rel.bss .rel.bss.* .rel.gnu.linkonce.b.*)

.rela.bss
 *(.rela.bss .rela.bss.* .rela.gnu.linkonce.b.*)

.rel.plt
 *(.rel.plt)

.rela.plt
 *(.rela.plt)

.text           0x812001a0    0x37b80
 *(.text)
 .text          0x812001a0      0x44c C:/devkitPro/libogc/lib/wii\libogc.a(lwp_handler.o)
                0x812001a0                _cpu_context_save_fp
                0x812002e0                _cpu_context_restore_fp
                0x81200420                _cpu_context_switch
                0x81200500                _cpu_context_save
                0x81200580                _cpu_context_restore
 .text          0x812005ec      0x4f4 C:/devkitPro/libogc/lib/wii\libogc.a(cache_asm.o)
                0x812005ec                DCFlashInvalidate
                0x81200600                DCEnable
                0x81200614                DCDisable
                0x81200628                DCFreeze
                0x8120063c                DCUnfreeze
                0x81200650                DCTouchLoad
                0x81200658                DCBlockZero
                0x81200660                DCBlockStore
                0x81200668                DCBlockFlush
                0x81200670                DCBlockInvalidate
                0x81200678                DCInvalidateRange
                0x812006a8                DCFlushRange
                0x812006dc                DCStoreRange
                0x81200710                DCFlushRangeNoSync
                0x81200740                DCStoreRangeNoSync
                0x81200770                DCZeroRange
                0x812007a0                DCTouchRange
                0x812007d0                ICInvalidateRange
                0x81200808                ICFlashInvalidate
                0x8120081c                ICEnable
                0x81200830                ICDisable
                0x81200844                ICFreeze
                0x81200858                ICUnfreeze
                0x8120086c                ICBlockInvalidate
                0x81200874                ICSync
                0x8120087c                L2Init
                0x812008c4                L2Enable
                0x812008e0                L2Disable
                0x812008f8                L2GlobalInvalidate
                0x81200950                __LCEnable
                0x81200a1c                LCDisable
                0x81200a44                LCAllocOneTag
                0x81200a58                LCAllocTags
                0x81200a98                LCLoadBlocks
                0x81200abc                LCStoreBlocks
 .text          0x81200ae0      0x1ac C:/devkitPro/libogc/lib/wii\libogc.a(irq_handler.o)
                0x81200ae0                irq_exceptionhandler
 .text          0x81200c8c      0x4a0 C:/devkitPro/libogc/lib/wii\libogc.a(system_asm.o)
                0x81200c8c                __realmode
                0x81200ca4                __configBATS
                0x81200dd4                __InitFPRS
                0x81200f00                __InitPS
                0x81200f5c                __InitCache
                0x81200fb4                __InitSystem
                0x8120103c                __flush_cache
                0x81201070                __reset
                0x812010e0                __InitBATS
                0x812010fc                SYS_SwitchFiber
 .text          0x8120112c      0x1ac C:/devkitPro/libogc/lib/wii\libogc.a(decrementer_handler.o)
                0x8120112c                dec_exceptionhandler
 .text          0x812012d8      0x35c C:/devkitPro/libogc/lib/wii\libogc.a(exception_handler.o)
                0x812012d8                exceptionhandler_start
                0x81201354                exceptionhandler_patch
                0x81201388                exceptionhandler_end
                0x8120138c                default_exceptionhandler
                0x812014bc                fpu_exceptionhandler
                0x81201604                systemcallhandler_start
                0x81201630                systemcallhandler_end
 .text          0x81201634       0x48 C:/devkitPro/devkitPPC/bin/../lib/gcc/powerpc-eabi/13.1.0\libgcc.a(eabi.o)
                0x81201634                __eabi
 .text          0x8120167c       0x58 C:/devkitPro/devkitPPC/bin/../lib/gcc/powerpc-eabi/13.1.0\libgcc.a(crtresxgpr.o)
                0x8120167c                _restgpr_14_x
                0x81201680                _restgpr_15_x
                0x81201684                _restgpr_16_x
                0x81201688                _restgpr_17_x
                0x8120168c                _restgpr_18_x
                0x81201690                _restgpr_19_x
                0x81201694                _restgpr_20_x
                0x81201698                _restgpr_21_x
                0x8120169c                _restgpr_22_x
                0x812016a0                _restgpr_23_x
                0x812016a4                _restgpr_24_x
                0x812016a8                _restgpr_25_x
                0x812016ac                _restgpr_26_x
                0x812016b0                _restgpr_27_x
                0x812016b4                _restgpr_28_x
                0x812016b8                _restgpr_29_x
                0x812016bc                _restgpr_30_x
                0x812016c0                _restgpr_31_x
 .text          0x812016d4       0x58 C:/devkitPro/devkitPPC/bin/../lib/gcc/powerpc-eabi/13.1.0\libgcc.a(crtresxfpr.o)
                0x812016d4                _restfpr_14_x
                0x812016d8                _restfpr_15_x
                0x812016dc                _restfpr_16_x
                0x812016e0                _restfpr_17_x
                0x812016e4                _restfpr_18_x
                0x812016e8                _restfpr_19_x
                0x812016ec                _restfpr_20_x
                0x812016f0                _restfpr_21_x
                0x812016f4                _restfpr_22_x
                0x812016f8                _restfpr_23_x
                0x812016fc                _restfpr_24_x
                0x81201700                _restfpr_25_x
                0x81201704                _restfpr_26_x
                0x81201708                _restfpr_27_x
                0x8120170c                _restfpr_28_x
                0x81201710                _restfpr_29_x
                0x81201714                _restfpr_30_x
                0x81201718                _restfpr_31_x
 *(.text.*)
 .text.__do_global_dtors_aux
                0x8120172c       0xcc C:/devkitPro/devkitPPC/bin/../lib/gcc/powerpc-eabi/13.1.0/crtbegin.o
 .text.frame_dummy
                0x812017f8       0x24 C:/devkitPro/devkitPPC/bin/../lib/gcc/powerpc-eabi/13.1.0/crtbegin.o
 .text.__crtmain
                0x8120181c       0x44 C:/devkitPro/devkitPPC/bin/../lib/gcc/powerpc-eabi/13.1.0/../../../../powerpc-eabi/lib/crtmain.o
                0x81201820                __crtmain
 .text.startup.main
                0x81201860      0x14c main.o
                0x81201860                main
 .text.loadSections
                0x812019ac      0x17c run_dol.o
                0x812019ac                loadSections
 .text.setArgv  0x81201b28      0x12c run_dol.o
                0x81201b28                setArgv
 .text.runDOL   0x81201c54      0x1e0 run_dol.o
                0x81201c54                runDOL
 .text.fatMount
                0x81201e34      0x118 C:/devkitPro/libogc/lib/wii\libfat.a(libfat.o)
                0x81201e34                fatMount
 .text.fatInit  0x81201f4c      0x190 C:/devkitPro/libogc/lib/wii\libfat.a(libfat.o)
                0x81201f4c                fatInit
 .text.fatInitDefault
                0x812020dc        0xc C:/devkitPro/libogc/lib/wii\libfat.a(libfat.o)
                0x812020dc                fatInitDefault
 .text.u8array_to_u16
                0x812020e8       0x14 C:/devkitPro/libogc/lib/wii\libfat.a(directory.o)
 .text._FAT_directory_entryGetAlias
                0x812020fc      0x11c C:/devkitPro/libogc/lib/wii\libfat.a(directory.o)
 .text._FAT_directory_incrementDirEntryPosition
                0x81202218       0xf4 C:/devkitPro/libogc/lib/wii\libfat.a(directory.o)
 .text._FAT_directory_mbsncasecmp
                0x8120230c       0xe8 C:/devkitPro/libogc/lib/wii\libfat.a(directory.o)
 .text._FAT_fat_clusterToSector
                0x812023f4       0x28 C:/devkitPro/libogc/lib/wii\libfat.a(directory.o)
 .text._FAT_directory_ucs2tombs.constprop.0
                0x8120241c       0xd8 C:/devkitPro/libogc/lib/wii\libfat.a(directory.o)
 .text._FAT_directory_entryGetCluster
                0x812024f4       0x4c C:/devkitPro/libogc/lib/wii\libfat.a(directory.o)
                0x812024f4                _FAT_directory_entryGetCluster
 .text._FAT_directory_getNextEntry
                0x81202540      0x2cc C:/devkitPro/libogc/lib/wii\libfat.a(directory.o)
                0x81202540                _FAT_directory_getNextEntry
 .text._FAT_directory_getFirstEntry
                0x8120280c       0x24 C:/devkitPro/libogc/lib/wii\libfat.a(directory.o)
                0x8120280c                _FAT_directory_getFirstEntry
 .text._FAT_directory_entryExists
                0x81202830       0xc8 C:/devkitPro/libogc/lib/wii\libfat.a(directory.o)
 .text._FAT_directory_getRootEntry
                0x812028f8       0xa0 C:/devkitPro/libogc/lib/wii\libfat.a(directory.o)
                0x812028f8                _FAT_directory_getRootEntry
 .text._FAT_directory_entryFromPosition
                0x81202998      0x1d0 C:/devkitPro/libogc/lib/wii\libfat.a(directory.o)
                0x81202998                _FAT_directory_entryFromPosition
 .text._FAT_directory_entryFromPath
                0x81202b68      0x26c C:/devkitPro/libogc/lib/wii\libfat.a(directory.o)
                0x81202b68                _FAT_directory_entryFromPath
 .text._FAT_directory_removeEntry
                0x81202dd4      0x100 C:/devkitPro/libogc/lib/wii\libfat.a(directory.o)
                0x81202dd4                _FAT_directory_removeEntry
 .text._FAT_directory_addEntry
                0x81202ed4      0x940 C:/devkitPro/libogc/lib/wii\libfat.a(directory.o)
                0x81202ed4                _FAT_directory_addEntry
 .text._FAT_directory_chdir
                0x81203814       0x60 C:/devkitPro/libogc/lib/wii\libfat.a(directory.o)
                0x81203814                _FAT_directory_chdir
 .text._FAT_directory_entryStat
                0x81203874      0x140 C:/devkitPro/libogc/lib/wii\libfat.a(directory.o)
                0x81203874                _FAT_directory_entryStat
 .text._FAT_filetime_getTimeFromRTC
                0x812039b4       0x84 C:/devkitPro/libogc/lib/wii\libfat.a(filetime.o)
                0x812039b4                _FAT_filetime_getTimeFromRTC
 .text._FAT_filetime_getDateFromRTC
                0x81203a38       0x84 C:/devkitPro/libogc/lib/wii\libfat.a(filetime.o)
                0x81203a38                _FAT_filetime_getDateFromRTC
 .text._FAT_filetime_to_time_t
                0x81203abc       0x64 C:/devkitPro/libogc/lib/wii\libfat.a(filetime.o)
                0x81203abc                _FAT_filetime_to_time_t
 .text._FAT_fat_writeFatEntry.isra.0
                0x81203b20      0x1c0 C:/devkitPro/libogc/lib/wii\libfat.a(file_allocation_table.o)
 .text._FAT_fat_nextCluster
                0x81203ce0      0x198 C:/devkitPro/libogc/lib/wii\libfat.a(file_allocation_table.o)
                0x81203ce0                _FAT_fat_nextCluster
 .text._FAT_fat_linkFreeCluster
                0x81203e78       0xe4 C:/devkitPro/libogc/lib/wii\libfat.a(file_allocation_table.o)
                0x81203e78                _FAT_fat_linkFreeCluster
 .text._FAT_fat_linkFreeClusterCleared
                0x81203f5c       0xbc C:/devkitPro/libogc/lib/wii\libfat.a(file_allocation_table.o)
                0x81203f5c                _FAT_fat_linkFreeClusterCleared
 .text._FAT_fat_clearLinks
                0x81204018       0xc4 C:/devkitPro/libogc/lib/wii\libfat.a(file_allocation_table.o)
                0x81204018                _FAT_fat_clearLinks
 .text._FAT_fat_trimChain
                0x812040dc       0xb4 C:/devkitPro/libogc/lib/wii\libfat.a(file_allocation_table.o)
                0x812040dc                _FAT_fat_trimChain
 .text._FAT_fat_lastCluster
                0x81204190       0x68 C:/devkitPro/libogc/lib/wii\libfat.a(file_allocation_table.o)
                0x81204190                _FAT_fat_lastCluster
 .text._FAT_fat_freeClusterCount
                0x812041f8       0x54 C:/devkitPro/libogc/lib/wii\libfat.a(file_allocation_table.o)
                0x812041f8                _FAT_fat_freeClusterCount
 .text.get_io_wiisd
                0x8120424c        0xc C:/devkitPro/libogc/lib/wii\libfat.a(disc.o)
 .text.get_io_usbstorage
                0x81204258        0xc C:/devkitPro/libogc/lib/wii\libfat.a(disc.o)
 .text.get_io_gcsda
                0x81204264        0xc C:/devkitPro/libogc/lib/wii\libfat.a(disc.o)
 .text.get_io_gcsdb
                0x81204270        0xc C:/devkitPro/libogc/lib/wii\libfat.a(disc.o)
 .text._FAT_check_position_for_next_cluster
                0x8120427c      0x110 C:/devkitPro/libogc/lib/wii\libfat.a(fatfile.o)
 .text._FAT_fat_clusterToSector
                0x8120438c       0x28 C:/devkitPro/libogc/lib/wii\libfat.a(fatfile.o)
 .text._FAT_unlock.isra.0
                0x812043b4        0x4 C:/devkitPro/libogc/lib/wii\libfat.a(fatfile.o)
 .text._FAT_lock.isra.0
                0x812043b8        0x4 C:/devkitPro/libogc/lib/wii\libfat.a(fatfile.o)
 .text._FAT_file_extend_r
                0x812043bc      0x288 C:/devkitPro/libogc/lib/wii\libfat.a(fatfile.o)
 .text._FAT_open_r
                0x81204644      0x3b0 C:/devkitPro/libogc/lib/wii\libfat.a(fatfile.o)
                0x81204644                _FAT_open_r
 .text._FAT_syncToDisc
                0x812049f4      0x12c C:/devkitPro/libogc/lib/wii\libfat.a(fatfile.o)
                0x812049f4                _FAT_syncToDisc
 .text._FAT_close_r
                0x81204b20       0xc4 C:/devkitPro/libogc/lib/wii\libfat.a(fatfile.o)
                0x81204b20                _FAT_close_r
 .text._FAT_read_r
                0x81204be4      0x3c0 C:/devkitPro/libogc/lib/wii\libfat.a(fatfile.o)
                0x81204be4                _FAT_read_r
 .text._FAT_write_r
                0x81204fa4      0x54c C:/devkitPro/libogc/lib/wii\libfat.a(fatfile.o)
                0x81204fa4                _FAT_write_r
 .text._FAT_seek_r
                0x812054f0      0x1dc C:/devkitPro/libogc/lib/wii\libfat.a(fatfile.o)
                0x812054f0                _FAT_seek_r
 .text._FAT_fstat_r
                0x812056cc       0xd8 C:/devkitPro/libogc/lib/wii\libfat.a(fatfile.o)
                0x812056cc                _FAT_fstat_r
 .text._FAT_ftruncate_r
                0x812057a4      0x1f0 C:/devkitPro/libogc/lib/wii\libfat.a(fatfile.o)
                0x812057a4                _FAT_ftruncate_r
 .text._FAT_fsync_r
                0x81205994       0x70 C:/devkitPro/libogc/lib/wii\libfat.a(fatfile.o)
                0x81205994                _FAT_fsync_r
 .text._FAT_cache_getPage
                0x81205a04      0x158 C:/devkitPro/libogc/lib/wii\libfat.a(cache.o)
 .text._FAT_cache_constructor
                0x81205b5c       0xd0 C:/devkitPro/libogc/lib/wii\libfat.a(cache.o)
                0x81205b5c                _FAT_cache_constructor
 .text._FAT_cache_readSectors
                0x81205c2c       0xa8 C:/devkitPro/libogc/lib/wii\libfat.a(cache.o)
                0x81205c2c                _FAT_cache_readSectors
 .text._FAT_cache_readPartialSector
                0x81205cd4       0x90 C:/devkitPro/libogc/lib/wii\libfat.a(cache.o)
                0x81205cd4                _FAT_cache_readPartialSector
 .text._FAT_cache_readLittleEndianValue
                0x81205d64       0x78 C:/devkitPro/libogc/lib/wii\libfat.a(cache.o)
                0x81205d64                _FAT_cache_readLittleEndianValue
 .text._FAT_cache_writePartialSector
                0x81205ddc       0x98 C:/devkitPro/libogc/lib/wii\libfat.a(cache.o)
                0x81205ddc                _FAT_cache_writePartialSector
 .text._FAT_cache_writeLittleEndianValue
                0x81205e74       0x68 C:/devkitPro/libogc/lib/wii\libfat.a(cache.o)
                0x81205e74                _FAT_cache_writeLittleEndianValue
 .text._FAT_cache_eraseWritePartialSector
                0x81205edc       0xb0 C:/devkitPro/libogc/lib/wii\libfat.a(cache.o)
                0x81205edc                _FAT_cache_eraseWritePartialSector
 .text._FAT_cache_writeSectors
                0x81205f8c       0xb0 C:/devkitPro/libogc/lib/wii\libfat.a(cache.o)
                0x81205f8c                _FAT_cache_writeSectors
 .text._FAT_cache_flush
                0x8120603c       0x90 C:/devkitPro/libogc/lib/wii\libfat.a(cache.o)
                0x8120603c                _FAT_cache_flush
 .text._FAT_unlock.isra.0
                0x812060cc        0x4 C:/devkitPro/libogc/lib/wii\libfat.a(fatdir.o)
 .text._FAT_lock.isra.0
                0x812060d0        0x4 C:/devkitPro/libogc/lib/wii\libfat.a(fatdir.o)
 .text._FAT_unlinkCommon
                0x812060d4      0x1f4 C:/devkitPro/libogc/lib/wii\libfat.a(fatdir.o)
 .text._FAT_stat_r
                0x812062c8       0xc4 C:/devkitPro/libogc/lib/wii\libfat.a(fatdir.o)
                0x812062c8                _FAT_stat_r
 .text._FAT_link_r
                0x8120638c       0x10 C:/devkitPro/libogc/lib/wii\libfat.a(fatdir.o)
                0x8120638c                _FAT_link_r
 .text._FAT_unlink_r
                0x8120639c        0x8 C:/devkitPro/libogc/lib/wii\libfat.a(fatdir.o)
                0x8120639c                _FAT_unlink_r
 .text._FAT_chdir_r
                0x812063a4       0xa4 C:/devkitPro/libogc/lib/wii\libfat.a(fatdir.o)
                0x812063a4                _FAT_chdir_r
 .text._FAT_rename_r
                0x81206448      0x244 C:/devkitPro/libogc/lib/wii\libfat.a(fatdir.o)
                0x81206448                _FAT_rename_r
 .text._FAT_mkdir_r
                0x8120668c      0x2d4 C:/devkitPro/libogc/lib/wii\libfat.a(fatdir.o)
                0x8120668c                _FAT_mkdir_r
 .text._FAT_rmdir_r
                0x81206960        0x8 C:/devkitPro/libogc/lib/wii\libfat.a(fatdir.o)
                0x81206960                _FAT_rmdir_r
 .text._FAT_statvfs_r
                0x81206968       0xd0 C:/devkitPro/libogc/lib/wii\libfat.a(fatdir.o)
                0x81206968                _FAT_statvfs_r
 .text._FAT_diropen_r
                0x81206a38      0x108 C:/devkitPro/libogc/lib/wii\libfat.a(fatdir.o)
                0x81206a38                _FAT_diropen_r
 .text._FAT_dirreset_r
                0x81206b40       0x74 C:/devkitPro/libogc/lib/wii\libfat.a(fatdir.o)
                0x81206b40                _FAT_dirreset_r
 .text._FAT_dirnext_r
                0x81206bb4       0xc4 C:/devkitPro/libogc/lib/wii\libfat.a(fatdir.o)
                0x81206bb4                _FAT_dirnext_r
 .text._FAT_dirclose_r
                0x81206c78       0x40 C:/devkitPro/libogc/lib/wii\libfat.a(fatdir.o)
                0x81206c78                _FAT_dirclose_r
 .text.u8array_to_u16
                0x81206cb8       0x14 C:/devkitPro/libogc/lib/wii\libfat.a(partition.o)
 .text.u8array_to_u32
                0x81206ccc       0x30 C:/devkitPro/libogc/lib/wii\libfat.a(partition.o)
 .text.u32_to_u8array
                0x81206cfc       0x20 C:/devkitPro/libogc/lib/wii\libfat.a(partition.o)
 .text.isValidMBR
                0x81206d1c       0x7c C:/devkitPro/libogc/lib/wii\libfat.a(partition.o)
 .text._FAT_disc_readSectors.constprop.0.isra.0
                0x81206d98       0x10 C:/devkitPro/libogc/lib/wii\libfat.a(partition.o)
 .text._FAT_updateFS_INFO
                0x81206da8       0x70 C:/devkitPro/libogc/lib/wii\libfat.a(partition.o)
 .text.FindFirstValidPartition_buf
                0x81206e18      0x150 C:/devkitPro/libogc/lib/wii\libfat.a(partition.o)
                0x81206e18                FindFirstValidPartition_buf
 .text._FAT_partition_getPartitionFromPath
                0x81206f68       0x2c C:/devkitPro/libogc/lib/wii\libfat.a(partition.o)
                0x81206f68                _FAT_partition_getPartitionFromPath
 .text._FAT_partition_createFSinfo
                0x81206f94       0x9c C:/devkitPro/libogc/lib/wii\libfat.a(partition.o)
                0x81206f94                _FAT_partition_createFSinfo
 .text._FAT_partition_readFSinfo
                0x81207030      0x114 C:/devkitPro/libogc/lib/wii\libfat.a(partition.o)
                0x81207030                _FAT_partition_readFSinfo
 .text._FAT_partition_constructor_buf
                0x81207144      0x328 C:/devkitPro/libogc/lib/wii\libfat.a(partition.o)
                0x81207144                _FAT_partition_constructor_buf
 .text._FAT_partition_constructor
                0x8120746c       0x68 C:/devkitPro/libogc/lib/wii\libfat.a(partition.o)
                0x8120746c                _FAT_partition_constructor
 .text.__console_clear_line
                0x812074d4       0xb4 C:/devkitPro/libogc/lib/wii\libogc.a(console.o)
 .text.__console_clear
                0x81207588       0xbc C:/devkitPro/libogc/lib/wii\libogc.a(console.o)
 .text.__console_write
                0x81207644      0x82c C:/devkitPro/libogc/lib/wii\libogc.a(console.o)
                0x81207644                __console_write
 .text.__console_init
                0x81207e70      0x120 C:/devkitPro/libogc/lib/wii\libogc.a(console.o)
                0x81207e70                __console_init
 .text.CON_Init
                0x81207f90        0x4 C:/devkitPro/libogc/lib/wii\libogc.a(console.o)
                0x81207f90                CON_Init
 .text.CON_EnableGecko
                0x81207f94      0x100 C:/devkitPro/libogc/lib/wii\libogc.a(console.o)
                0x81207f94                CON_EnableGecko
 .text.__syscall_getreent
                0x81208094       0x24 C:/devkitPro/libogc/lib/wii\libogc.a(lwp_threads.o)
                0x81208094                __syscall_getreent
 .text.__lwp_isr_in_progress
                0x812080b8        0x8 C:/devkitPro/libogc/lib/wii\libogc.a(lwp_threads.o)
                0x812080b8                __lwp_isr_in_progress
 .text.__thread_dispatch_fp
                0x812080c0       0x88 C:/devkitPro/libogc/lib/wii\libogc.a(lwp_threads.o)
                0x812080c0                __thread_dispatch_fp
 .text.__thread_dispatch
                0x81208148       0xf4 C:/devkitPro/libogc/lib/wii\libogc.a(lwp_threads.o)
                0x81208148                __thread_dispatch
 .text.__lwp_thread_resettimeslice
                0x8120823c       0xb4 C:/devkitPro/libogc/lib/wii\libogc.a(lwp_threads.o)
                0x8120823c                __lwp_thread_resettimeslice
 .text.__lwp_thread_tickle_timeslice
                0x812082f0       0xc8 C:/devkitPro/libogc/lib/wii\libogc.a(lwp_threads.o)
                0x812082f0                __lwp_thread_tickle_timeslice
 .text.__lwp_thread_setstate
                0x812083b8      0x16c C:/devkitPro/libogc/lib/wii\libogc.a(lwp_threads.o)
                0x812083b8                __lwp_thread_setstate
 .text.__lwp_thread_clearstate
                0x81208524       0xe4 C:/devkitPro/libogc/lib/wii\libogc.a(lwp_threads.o)
                0x81208524                __lwp_thread_clearstate
 .text.__lwp_thread_delayended
                0x81208608       0x48 C:/devkitPro/libogc/lib/wii\libogc.a(lwp_threads.o)
                0x81208608                __lwp_thread_delayended
 .text.__lwp_thread_settransient
                0x81208650       0xb4 C:/devkitPro/libogc/lib/wii\libogc.a(lwp_threads.o)
                0x81208650                __lwp_thread_settransient
 .text.__lwp_thread_changepriority
                0x81208704      0x1f8 C:/devkitPro/libogc/lib/wii\libogc.a(lwp_threads.o)
                0x81208704                __lwp_thread_changepriority
 .text.__lwp_thread_ready
                0x812088fc       0xf0 C:/devkitPro/libogc/lib/wii\libogc.a(lwp_threads.o)
                0x812088fc                __lwp_thread_ready
 .text.__lwp_thread_init
                0x812089ec      0x160 C:/devkitPro/libogc/lib/wii\libogc.a(lwp_threads.o)
                0x812089ec                __lwp_thread_init
 .text.__lwp_thread_close
                0x81208b4c      0x144 C:/devkitPro/libogc/lib/wii\libogc.a(lwp_threads.o)
                0x81208b4c                __lwp_thread_close
 .text.__lwp_thread_handler
                0x81208c90       0xc0 C:/devkitPro/libogc/lib/wii\libogc.a(lwp_threads.o)
 .text.__lwp_thread_closeall
                0x81208d50       0xb0 C:/devkitPro/libogc/lib/wii\libogc.a(lwp_threads.o)
                0x81208d50                __lwp_thread_closeall
 .text.__lwp_thread_start
                0x81208e00      0x150 C:/devkitPro/libogc/lib/wii\libogc.a(lwp_threads.o)
                0x81208e00                __lwp_thread_start
 .text.__lwp_thread_startmultitasking
                0x81208f50       0xac C:/devkitPro/libogc/lib/wii\libogc.a(lwp_threads.o)
                0x81208f50                __lwp_thread_startmultitasking
 .text.__lwp_thread_stopmultitasking
                0x81208ffc       0x58 C:/devkitPro/libogc/lib/wii\libogc.a(lwp_threads.o)
                0x81208ffc                __lwp_thread_stopmultitasking
 .text.__lwp_thread_coreinit
                0x81209054       0xc4 C:/devkitPro/libogc/lib/wii\libogc.a(lwp_threads.o)
                0x81209054                __lwp_thread_coreinit
 .text.__lwp_stack_allocate
                0x81209118       0x60 C:/devkitPro/libogc/lib/wii\libogc.a(lwp_stack.o)
                0x81209118                __lwp_stack_allocate
 .text.__lwp_stack_free
                0x81209178       0x1c C:/devkitPro/libogc/lib/wii\libogc.a(lwp_stack.o)
                0x81209178                __lwp_stack_free
 .text.__lwp_wd_settimer
                0x81209194       0xe0 C:/devkitPro/libogc/lib/wii\libogc.a(lwp_watchdog.o)
 .text.__lwp_watchdog_init
                0x81209274       0x2c C:/devkitPro/libogc/lib/wii\libogc.a(lwp_watchdog.o)
                0x81209274                __lwp_watchdog_init
 .text.__lwp_wd_insert
                0x812092a0      0x194 C:/devkitPro/libogc/lib/wii\libogc.a(lwp_watchdog.o)
                0x812092a0                __lwp_wd_insert
 .text.__lwp_wd_remove
                0x81209434      0x138 C:/devkitPro/libogc/lib/wii\libogc.a(lwp_watchdog.o)
                0x81209434                __lwp_wd_remove
 .text.__lwp_wd_tickle
                0x8120956c      0x120 C:/devkitPro/libogc/lib/wii\libogc.a(lwp_watchdog.o)
                0x8120956c                __lwp_wd_tickle
 .text.__lwp_wkspace_init
                0x8120968c       0xc0 C:/devkitPro/libogc/lib/wii\libogc.a(lwp_wkspace.o)
                0x8120968c                __lwp_wkspace_init
 .text.__lwp_objmgr_initinfo
                0x8120974c      0x1a0 C:/devkitPro/libogc/lib/wii\libogc.a(lwp_objmgr.o)
                0x8120974c                __lwp_objmgr_initinfo
 .text.__lwp_objmgr_getisrdisable
                0x812098ec       0x60 C:/devkitPro/libogc/lib/wii\libogc.a(lwp_objmgr.o)
                0x812098ec                __lwp_objmgr_getisrdisable
 .text.__lwp_objmgr_getnoprotection
                0x8120994c       0x24 C:/devkitPro/libogc/lib/wii\libogc.a(lwp_objmgr.o)
                0x8120994c                __lwp_objmgr_getnoprotection
 .text.__lwp_objmgr_get
                0x81209970       0x6c C:/devkitPro/libogc/lib/wii\libogc.a(lwp_objmgr.o)
                0x81209970                __lwp_objmgr_get
 .text.__lwp_objmgr_allocate
                0x812099dc       0x88 C:/devkitPro/libogc/lib/wii\libogc.a(lwp_objmgr.o)
                0x812099dc                __lwp_objmgr_allocate
 .text.__lwp_objmgr_free
                0x81209a64       0x60 C:/devkitPro/libogc/lib/wii\libogc.a(lwp_objmgr.o)
                0x81209a64                __lwp_objmgr_free
 .text.__lwp_heap_init
                0x81209ac4       0xa4 C:/devkitPro/libogc/lib/wii\libogc.a(lwp_heap.o)
                0x81209ac4                __lwp_heap_init
 .text.__lwp_heap_allocate
                0x81209b68      0x160 C:/devkitPro/libogc/lib/wii\libogc.a(lwp_heap.o)
                0x81209b68                __lwp_heap_allocate
 .text.__lwp_heap_free
                0x81209cc8      0x188 C:/devkitPro/libogc/lib/wii\libogc.a(lwp_heap.o)
                0x81209cc8                __lwp_heap_free
 .text.__VISendI2CData.constprop.0.isra.0
                0x81209e50      0x450 C:/devkitPro/libogc/lib/wii\libogc.a(video.o)
 .text.__setFbbRegs.constprop.0
                0x8120a2a0      0x190 C:/devkitPro/libogc/lib/wii\libogc.a(video.o)
 .text.__VISetYUVSEL
                0x8120a430       0xb8 C:/devkitPro/libogc/lib/wii\libogc.a(video.o)
 .text.VIDEO_Configure
                0x8120a4e8      0x5ec C:/devkitPro/libogc/lib/wii\libogc.a(video.o)
                0x8120a4e8                VIDEO_Configure
 .text.VIDEO_WaitVSync
                0x8120aad4       0x74 C:/devkitPro/libogc/lib/wii\libogc.a(video.o)
                0x8120aad4                VIDEO_WaitVSync
 .text.VIDEO_SetFramebuffer
                0x8120ab48      0x108 C:/devkitPro/libogc/lib/wii\libogc.a(video.o)
                0x8120ab48                VIDEO_SetFramebuffer
 .text.VIDEO_SetNextFramebuffer
                0x8120ac50       0x70 C:/devkitPro/libogc/lib/wii\libogc.a(video.o)
                0x8120ac50                VIDEO_SetNextFramebuffer
 .text.VIDEO_Flush
                0x8120acc0       0xf4 C:/devkitPro/libogc/lib/wii\libogc.a(video.o)
                0x8120acc0                VIDEO_Flush
 .text.VIDEO_SetBlack
                0x8120adb4      0x15c C:/devkitPro/libogc/lib/wii\libogc.a(video.o)
                0x8120adb4                VIDEO_SetBlack
 .text.VIDEO_GetCurrentTvMode
                0x8120af10       0x78 C:/devkitPro/libogc/lib/wii\libogc.a(video.o)
                0x8120af10                VIDEO_GetCurrentTvMode
 .text.__VIRetraceHandler
                0x8120af88      0x298 C:/devkitPro/libogc/lib/wii\libogc.a(video.o)
 .text.__VISetupEncoder
                0x8120b220      0x2cc C:/devkitPro/libogc/lib/wii\libogc.a(video.o)
 .text.VIDEO_Init
                0x8120b4ec      0x4e4 C:/devkitPro/libogc/lib/wii\libogc.a(video.o)
                0x8120b4ec                VIDEO_Init
 .text.VIDEO_GetPreferredMode
                0x8120b9d0      0x108 C:/devkitPro/libogc/lib/wii\libogc.a(video.o)
                0x8120b9d0                VIDEO_GetPreferredMode
 .text.VIDEO_GetCurrentLine
                0x8120bad8       0x9c C:/devkitPro/libogc/lib/wii\libogc.a(video.o)
                0x8120bad8                VIDEO_GetCurrentLine
 .text.VIDEO_GetFrameBufferSize
                0x8120bb74       0x34 C:/devkitPro/libogc/lib/wii\libogc.a(video.o)
                0x8120bb74                VIDEO_GetFrameBufferSize
 .text.__lwp_mutex_locksupp.constprop.0
                0x8120bba8      0x2a8 C:/devkitPro/libogc/lib/wii\libogc.a(mutex.o)
 .text.__lwp_mutex_init
                0x8120be50       0x14 C:/devkitPro/libogc/lib/wii\libogc.a(mutex.o)
                0x8120be50                __lwp_mutex_init
 .text.LWP_MutexInit
                0x8120be64      0x100 C:/devkitPro/libogc/lib/wii\libogc.a(mutex.o)
                0x8120be64                LWP_MutexInit
 .text.LWP_MutexDestroy
                0x8120bf64       0xf0 C:/devkitPro/libogc/lib/wii\libogc.a(mutex.o)
                0x8120bf64                LWP_MutexDestroy
 .text.LWP_MutexLock
                0x8120c054        0x8 C:/devkitPro/libogc/lib/wii\libogc.a(mutex.o)
                0x8120c054                LWP_MutexLock
 .text.LWP_MutexUnlock
                0x8120c05c       0x9c C:/devkitPro/libogc/lib/wii\libogc.a(mutex.o)
                0x8120c05c                LWP_MutexUnlock
 .text.__call_resetfuncs
                0x8120c0f8       0xbc C:/devkitPro/libogc/lib/wii\libogc.a(system.o)
 .text.__MEMInterruptHandler
                0x8120c1b4       0x14 C:/devkitPro/libogc/lib/wii\libogc.a(system.o)
 .text.__RSWDefaultHandler
                0x8120c1c8        0x4 C:/devkitPro/libogc/lib/wii\libogc.a(system.o)
 .text.__POWDefaultHandler
                0x8120c1cc        0x4 C:/devkitPro/libogc/lib/wii\libogc.a(system.o)
 .text.__STMEventHandler
                0x8120c1d0      0x104 C:/devkitPro/libogc/lib/wii\libogc.a(system.o)
 .text.__getrtc
                0x8120c2d4      0x13c C:/devkitPro/libogc/lib/wii\libogc.a(system.o)
 .text.__sram_write
                0x8120c410      0x130 C:/devkitPro/libogc/lib/wii\libogc.a(system.o)
 .text.__sram_writecallback
                0x8120c540       0x54 C:/devkitPro/libogc/lib/wii\libogc.a(system.o)
 .text.__mem_onreset
                0x8120c594       0x48 C:/devkitPro/libogc/lib/wii\libogc.a(system.o)
 .text.__unlocksram
                0x8120c5dc      0x174 C:/devkitPro/libogc/lib/wii\libogc.a(system.o)
 .text.__sys_alarmhandler
                0x8120c750      0x154 C:/devkitPro/libogc/lib/wii\libogc.a(system.o)
 .text.__syscall_malloc_lock
                0x8120c8a4        0x4 C:/devkitPro/libogc/lib/wii\libogc.a(system.o)
                0x8120c8a4                __syscall_malloc_lock
 .text.__syscall_malloc_unlock
                0x8120c8a8        0x4 C:/devkitPro/libogc/lib/wii\libogc.a(system.o)
                0x8120c8a8                __syscall_malloc_unlock
 .text.__syscall_gettod_r
                0x8120c8ac        0x4 C:/devkitPro/libogc/lib/wii\libogc.a(system.o)
                0x8120c8ac                __syscall_gettod_r
 .text.__syscall_nanosleep
                0x8120c8b0        0x4 C:/devkitPro/libogc/lib/wii\libogc.a(system.o)
                0x8120c8b0                __syscall_nanosleep
 .text.__SYS_GetRTC
                0x8120c8b4       0xa0 C:/devkitPro/libogc/lib/wii\libogc.a(system.o)
                0x8120c8b4                __SYS_GetRTC
 .text.__SYS_SetBootTime
                0x8120c954      0x108 C:/devkitPro/libogc/lib/wii\libogc.a(system.o)
                0x8120c954                __SYS_SetBootTime
 .text.__SYS_GetIPCBufferLo
                0x8120ca5c        0x8 C:/devkitPro/libogc/lib/wii\libogc.a(system.o)
                0x8120ca5c                __SYS_GetIPCBufferLo
 .text.__SYS_GetIPCBufferHi
                0x8120ca64        0x8 C:/devkitPro/libogc/lib/wii\libogc.a(system.o)
                0x8120ca64                __SYS_GetIPCBufferHi
 .text.__SYS_PreInit
                0x8120ca6c        0x4 C:/devkitPro/libogc/lib/wii\libogc.a(system.o)
                0x8120ca6c                __SYS_PreInit
 .text.SYS_PreMain
                0x8120ca70       0x7c C:/devkitPro/libogc/lib/wii\libogc.a(system.o)
                0x8120ca70                SYS_PreMain
 .text.SYS_ResetButtonDown
                0x8120caec       0x18 C:/devkitPro/libogc/lib/wii\libogc.a(system.o)
                0x8120caec                SYS_ResetButtonDown
 .text.SYS_ResetSystem
                0x8120cb04      0x210 C:/devkitPro/libogc/lib/wii\libogc.a(system.o)
                0x8120cb04                SYS_ResetSystem
 .text.__reload
                0x8120cd14       0x80 C:/devkitPro/libogc/lib/wii\libogc.a(system.o)
                0x8120cd14                __reload
 .text.__syscall_exit
                0x8120cd94       0x88 C:/devkitPro/libogc/lib/wii\libogc.a(system.o)
                0x8120cd94                __syscall_exit
 .text.SYS_RegisterResetFunc
                0x8120ce1c       0x78 C:/devkitPro/libogc/lib/wii\libogc.a(system.o)
                0x8120ce1c                SYS_RegisterResetFunc
 .text.SYS_SetArena1Lo
                0x8120ce94       0x38 C:/devkitPro/libogc/lib/wii\libogc.a(system.o)
                0x8120ce94                SYS_SetArena1Lo
 .text.SYS_GetArena1Lo
                0x8120cecc       0x38 C:/devkitPro/libogc/lib/wii\libogc.a(system.o)
                0x8120cecc                SYS_GetArena1Lo
 .text.SYS_GetArena1Hi
                0x8120cf04       0x38 C:/devkitPro/libogc/lib/wii\libogc.a(system.o)
                0x8120cf04                SYS_GetArena1Hi
 .text.SYS_SetArena2Lo
                0x8120cf3c       0x38 C:/devkitPro/libogc/lib/wii\libogc.a(system.o)
                0x8120cf3c                SYS_SetArena2Lo
 .text.SYS_GetArena2Lo
                0x8120cf74       0x38 C:/devkitPro/libogc/lib/wii\libogc.a(system.o)
                0x8120cf74                SYS_GetArena2Lo
 .text.SYS_SetArena2Hi
                0x8120cfac       0x38 C:/devkitPro/libogc/lib/wii\libogc.a(system.o)
                0x8120cfac                SYS_SetArena2Hi
 .text.SYS_GetArena2Hi
                0x8120cfe4       0x38 C:/devkitPro/libogc/lib/wii\libogc.a(system.o)
                0x8120cfe4                SYS_GetArena2Hi
 .text.SYS_AllocateFramebuffer
                0x8120d01c       0x28 C:/devkitPro/libogc/lib/wii\libogc.a(system.o)
                0x8120d01c                SYS_AllocateFramebuffer
 .text.SYS_CreateAlarm
                0x8120d044       0xf0 C:/devkitPro/libogc/lib/wii\libogc.a(system.o)
                0x8120d044                SYS_CreateAlarm
 .text.SYS_SetAlarm
                0x8120d134      0x1e0 C:/devkitPro/libogc/lib/wii\libogc.a(system.o)
                0x8120d134                SYS_SetAlarm
 .text.SYS_RemoveAlarm
                0x8120d314      0x10c C:/devkitPro/libogc/lib/wii\libogc.a(system.o)
                0x8120d314                SYS_RemoveAlarm
 .text.SYS_CancelAlarm
                0x8120d420       0xbc C:/devkitPro/libogc/lib/wii\libogc.a(system.o)
                0x8120d420                SYS_CancelAlarm
 .text.SYS_GetWirelessID
                0x8120d4dc       0x94 C:/devkitPro/libogc/lib/wii\libogc.a(system.o)
                0x8120d4dc                SYS_GetWirelessID
 .text.SYS_SetWirelessID
                0x8120d570       0x90 C:/devkitPro/libogc/lib/wii\libogc.a(system.o)
                0x8120d570                SYS_SetWirelessID
 .text.SYS_SetGBSMode
                0x8120d600       0xa8 C:/devkitPro/libogc/lib/wii\libogc.a(system.o)
                0x8120d600                SYS_SetGBSMode
 .text.__sram_init
                0x8120d6a8      0x1b8 C:/devkitPro/libogc/lib/wii\libogc.a(system.o)
                0x8120d6a8                __sram_init
 .text.SYS_Init
                0x8120d860      0x5e8 C:/devkitPro/libogc/lib/wii\libogc.a(system.o)
                0x8120d860                SYS_Init
 .text.SYS_GetHollywoodRevision
                0x8120de48       0x3c C:/devkitPro/libogc/lib/wii\libogc.a(system.o)
                0x8120de48                SYS_GetHollywoodRevision
 .text.SYS_Time
                0x8120de84       0x78 C:/devkitPro/libogc/lib/wii\libogc.a(system.o)
                0x8120de84                SYS_Time
 .text.__lwp_cond_init
                0x8120defc       0x14 C:/devkitPro/libogc/lib/wii\libogc.a(cond.o)
                0x8120defc                __lwp_cond_init
 .text.__decrementer_init
                0x8120df10        0x4 C:/devkitPro/libogc/lib/wii\libogc.a(decrementer.o)
                0x8120df10                __decrementer_init
 .text.c_decrementer_handler
                0x8120df14        0xc C:/devkitPro/libogc/lib/wii\libogc.a(decrementer.o)
                0x8120df14                c_decrementer_handler
 .text.__lwp_mqbox_init
                0x8120df20       0x14 C:/devkitPro/libogc/lib/wii\libogc.a(message.o)
                0x8120df20                __lwp_mqbox_init
 .text.__si_transfer
                0x8120df34      0x1a4 C:/devkitPro/libogc/lib/wii\libogc.a(si.o)
 .text.__si_alarmhandler
                0x8120e0d8       0xdc C:/devkitPro/libogc/lib/wii\libogc.a(si.o)
 .text.__si_completetransfer
                0x8120e1b4      0x1fc C:/devkitPro/libogc/lib/wii\libogc.a(si.o)
 .text.__si_transfernext
                0x8120e3b0       0xe0 C:/devkitPro/libogc/lib/wii\libogc.a(si.o)
 .text.SI_Busy  0x8120e490       0x18 C:/devkitPro/libogc/lib/wii\libogc.a(si.o)
                0x8120e490                SI_Busy
 .text.SI_IsChanBusy
                0x8120e4a8       0x38 C:/devkitPro/libogc/lib/wii\libogc.a(si.o)
                0x8120e4a8                SI_IsChanBusy
 .text.SI_SetXY
                0x8120e4e0       0x64 C:/devkitPro/libogc/lib/wii\libogc.a(si.o)
                0x8120e4e0                SI_SetXY
 .text.SI_EnablePolling
                0x8120e544       0x80 C:/devkitPro/libogc/lib/wii\libogc.a(si.o)
                0x8120e544                SI_EnablePolling
 .text.SI_DisablePolling
                0x8120e5c4       0x58 C:/devkitPro/libogc/lib/wii\libogc.a(si.o)
                0x8120e5c4                SI_DisablePolling
 .text.SI_SetSamplingRate
                0x8120e61c       0xd8 C:/devkitPro/libogc/lib/wii\libogc.a(si.o)
                0x8120e61c                SI_SetSamplingRate
 .text.SI_RefreshSamplingRate
                0x8120e6f4        0x8 C:/devkitPro/libogc/lib/wii\libogc.a(si.o)
                0x8120e6f4                SI_RefreshSamplingRate
 .text.SI_GetStatus
                0x8120e6fc       0x78 C:/devkitPro/libogc/lib/wii\libogc.a(si.o)
                0x8120e6fc                SI_GetStatus
 .text.SI_GetResponseRaw
                0x8120e774       0xe8 C:/devkitPro/libogc/lib/wii\libogc.a(si.o)
                0x8120e774                SI_GetResponseRaw
 .text.SI_GetResponse
                0x8120e85c       0xb8 C:/devkitPro/libogc/lib/wii\libogc.a(si.o)
                0x8120e85c                SI_GetResponse
 .text.SI_SetCommand
                0x8120e914       0x10 C:/devkitPro/libogc/lib/wii\libogc.a(si.o)
                0x8120e914                SI_SetCommand
 .text.SI_Transfer
                0x8120e924      0x26c C:/devkitPro/libogc/lib/wii\libogc.a(si.o)
                0x8120e924                SI_Transfer
 .text.__si_gettypecallback
                0x8120eb90      0x2c0 C:/devkitPro/libogc/lib/wii\libogc.a(si.o)
 .text.__si_interrupthandler
                0x8120ee50      0x268 C:/devkitPro/libogc/lib/wii\libogc.a(si.o)
 .text.SI_GetType
                0x8120f0b8      0x1f4 C:/devkitPro/libogc/lib/wii\libogc.a(si.o)
                0x8120f0b8                SI_GetType
 .text.SI_GetTypeAsync
                0x8120f2ac      0x138 C:/devkitPro/libogc/lib/wii\libogc.a(si.o)
                0x8120f2ac                SI_GetTypeAsync
 .text.SI_EnablePollingInterrupt
                0x8120f3e4       0x8c C:/devkitPro/libogc/lib/wii\libogc.a(si.o)
                0x8120f3e4                SI_EnablePollingInterrupt
 .text.SI_UnregisterPollingHandler
                0x8120f470       0xe0 C:/devkitPro/libogc/lib/wii\libogc.a(si.o)
                0x8120f470                SI_UnregisterPollingHandler
 .text.__si_init
                0x8120f550       0xe8 C:/devkitPro/libogc/lib/wii\libogc.a(si.o)
                0x8120f550                __si_init
 .text.__ipc_sendrequest
                0x8120f638      0x104 C:/devkitPro/libogc/lib/wii\libogc.a(ipc.o)
 .text.__ipc_syncrequest
                0x8120f73c       0xe4 C:/devkitPro/libogc/lib/wii\libogc.a(ipc.o)
 .text.__ioctlvfmtCB
                0x8120f820      0x158 C:/devkitPro/libogc/lib/wii\libogc.a(ipc.o)
 .text.__ios_ioctlvformat_parse
                0x8120f978      0x820 C:/devkitPro/libogc/lib/wii\libogc.a(ipc.o)
 .text.__ipc_asyncrequest
                0x81210198      0x13c C:/devkitPro/libogc/lib/wii\libogc.a(ipc.o)
 .text.__ipc_interrupthandler
                0x812102d4      0x34c C:/devkitPro/libogc/lib/wii\libogc.a(ipc.o)
 .text.iosCreateHeap
                0x81210620      0x130 C:/devkitPro/libogc/lib/wii\libogc.a(ipc.o)
                0x81210620                iosCreateHeap
 .text.iosAlloc
                0x81210750       0x30 C:/devkitPro/libogc/lib/wii\libogc.a(ipc.o)
                0x81210750                iosAlloc
 .text.iosFree  0x81210780       0x28 C:/devkitPro/libogc/lib/wii\libogc.a(ipc.o)
                0x81210780                iosFree
 .text.__IPC_ClntInit
                0x812107a8       0xc8 C:/devkitPro/libogc/lib/wii\libogc.a(ipc.o)
                0x812107a8                __IPC_ClntInit
 .text.__IPC_Reinitialize
                0x81210870       0x70 C:/devkitPro/libogc/lib/wii\libogc.a(ipc.o)
                0x81210870                __IPC_Reinitialize
 .text.IOS_Open
                0x812108e0      0x110 C:/devkitPro/libogc/lib/wii\libogc.a(ipc.o)
                0x812108e0                IOS_Open
 .text.IOS_Close
                0x812109f0       0xf0 C:/devkitPro/libogc/lib/wii\libogc.a(ipc.o)
                0x812109f0                IOS_Close
 .text.IOS_Read
                0x81210ae0      0x10c C:/devkitPro/libogc/lib/wii\libogc.a(ipc.o)
                0x81210ae0                IOS_Read
 .text.IOS_Write
                0x81210bec      0x10c C:/devkitPro/libogc/lib/wii\libogc.a(ipc.o)
                0x81210bec                IOS_Write
 .text.IOS_Ioctl
                0x81210cf8      0x158 C:/devkitPro/libogc/lib/wii\libogc.a(ipc.o)
                0x81210cf8                IOS_Ioctl
 .text.IOS_IoctlAsync
                0x81210e50      0x148 C:/devkitPro/libogc/lib/wii\libogc.a(ipc.o)
                0x81210e50                IOS_IoctlAsync
 .text.IOS_Ioctlv
                0x81210f98      0x1f0 C:/devkitPro/libogc/lib/wii\libogc.a(ipc.o)
                0x81210f98                IOS_Ioctlv
 .text.IOS_IoctlvAsync
                0x81211188      0x1d4 C:/devkitPro/libogc/lib/wii\libogc.a(ipc.o)
                0x81211188                IOS_IoctlvAsync
 .text.IOS_IoctlvFormat
                0x8121135c      0x16c C:/devkitPro/libogc/lib/wii\libogc.a(ipc.o)
                0x8121135c                IOS_IoctlvFormat
 .text.IOS_IoctlvReboot
                0x812114c8      0x1f4 C:/devkitPro/libogc/lib/wii\libogc.a(ipc.o)
                0x812114c8                IOS_IoctlvReboot
 .text.IOS_IoctlvRebootBackground
                0x812116bc      0x1f8 C:/devkitPro/libogc/lib/wii\libogc.a(ipc.o)
                0x812116bc                IOS_IoctlvRebootBackground
 .text.gettick  0x812118b4        0x8 C:/devkitPro/libogc/lib/wii\libogc.a(timesupp.o)
                0x812118b4                gettick
 .text.gettime  0x812118bc       0x18 C:/devkitPro/libogc/lib/wii\libogc.a(timesupp.o)
                0x812118bc                gettime
 .text.settime  0x812118d4       0x14 C:/devkitPro/libogc/lib/wii\libogc.a(timesupp.o)
                0x812118d4                settime
 .text.diff_usec
                0x812118e8       0x88 C:/devkitPro/libogc/lib/wii\libogc.a(timesupp.o)
                0x812118e8                diff_usec
 .text.__timesystem_init
                0x81211970       0x1c C:/devkitPro/libogc/lib/wii\libogc.a(timesupp.o)
                0x81211970                __timesystem_init
 .text.udelay   0x8121198c       0xac C:/devkitPro/libogc/lib/wii\libogc.a(timesupp.o)
                0x8121198c                udelay
 .text.__libogc_nanosleep
                0x81211a38      0x144 C:/devkitPro/libogc/lib/wii\libogc.a(timesupp.o)
                0x81211a38                __libogc_nanosleep
 .text.__libogc_gettod_r
                0x81211b7c       0xd4 C:/devkitPro/libogc/lib/wii\libogc.a(timesupp.o)
                0x81211b7c                __libogc_gettod_r
 .text.__syscall_lock_init
                0x81211c50       0x6c C:/devkitPro/libogc/lib/wii\libogc.a(lock_supp.o)
                0x81211c50                __syscall_lock_init
 .text.__syscall_lock_init_recursive
                0x81211cbc       0x6c C:/devkitPro/libogc/lib/wii\libogc.a(lock_supp.o)
                0x81211cbc                __syscall_lock_init_recursive
 .text.__syscall_lock_close
                0x81211d28       0x68 C:/devkitPro/libogc/lib/wii\libogc.a(lock_supp.o)
                0x81211d28                __syscall_lock_close
 .text.__syscall_lock_acquire
                0x81211d90       0x18 C:/devkitPro/libogc/lib/wii\libogc.a(lock_supp.o)
                0x81211d90                __syscall_lock_acquire
 .text.__syscall_lock_release
                0x81211da8       0x18 C:/devkitPro/libogc/lib/wii\libogc.a(lock_supp.o)
                0x81211da8                __syscall_lock_release
 .text.__usbgecko_exi_unlock
                0x81211dc0       0x34 C:/devkitPro/libogc/lib/wii\libogc.a(usbgecko.o)
 .text.usb_isgeckoalive
                0x81211df4      0x1bc C:/devkitPro/libogc/lib/wii\libogc.a(usbgecko.o)
                0x81211df4                usb_isgeckoalive
 .text.usb_sendbuffer_ex
                0x81211fb0      0x214 C:/devkitPro/libogc/lib/wii\libogc.a(usbgecko.o)
                0x81211fb0                usb_sendbuffer_ex
 .text.usb_sendbuffer
                0x812121c4        0x8 C:/devkitPro/libogc/lib/wii\libogc.a(usbgecko.o)
                0x812121c4                usb_sendbuffer
 .text.usb_sendbuffer_safe_ex
                0x812121cc      0x2a8 C:/devkitPro/libogc/lib/wii\libogc.a(usbgecko.o)
                0x812121cc                usb_sendbuffer_safe_ex
 .text.usb_sendbuffer_safe
                0x81212474        0x8 C:/devkitPro/libogc/lib/wii\libogc.a(usbgecko.o)
                0x81212474                usb_sendbuffer_safe
 .text._sbrk_r  0x8121247c      0x28c C:/devkitPro/libogc/lib/wii\libogc.a(sbrk.o)
                0x8121247c                _sbrk_r
 .text.__memlock_init
                0x81212708       0x7c C:/devkitPro/libogc/lib/wii\libogc.a(malloc_lock.o)
                0x81212708                __memlock_init
 .text.__libogc_malloc_lock
                0x81212784      0x1fc C:/devkitPro/libogc/lib/wii\libogc.a(malloc_lock.o)
                0x81212784                __libogc_malloc_lock
 .text.__libogc_malloc_unlock
                0x81212980       0x64 C:/devkitPro/libogc/lib/wii\libogc.a(malloc_lock.o)
                0x81212980                __libogc_malloc_unlock
 .text.__STM_SetEventHook
                0x812129e4       0xb0 C:/devkitPro/libogc/lib/wii\libogc.a(stm.o)
                0x812129e4                __STM_SetEventHook
 .text.__STM_Init
                0x81212a94       0x8c C:/devkitPro/libogc/lib/wii\libogc.a(stm.o)
                0x81212a94                __STM_Init
 .text.__STMEventHandler
                0x81212b20       0x64 C:/devkitPro/libogc/lib/wii\libogc.a(stm.o)
 .text.__STM_ReleaseEventHook
                0x81212b84       0x80 C:/devkitPro/libogc/lib/wii\libogc.a(stm.o)
                0x81212b84                __STM_ReleaseEventHook
 .text.__STM_Close
                0x81212c04       0xac C:/devkitPro/libogc/lib/wii\libogc.a(stm.o)
                0x81212c04                __STM_Close
 .text.STM_RegisterEventHandler
                0x81212cb0       0x10 C:/devkitPro/libogc/lib/wii\libogc.a(stm.o)
                0x81212cb0                STM_RegisterEventHandler
 .text.STM_ShutdownToStandby
                0x81212cc0       0x50 C:/devkitPro/libogc/lib/wii\libogc.a(stm.o)
                0x81212cc0                STM_ShutdownToStandby
 .text.STM_ShutdownToIdle
                0x81212d10       0x70 C:/devkitPro/libogc/lib/wii\libogc.a(stm.o)
                0x81212d10                STM_ShutdownToIdle
 .text.STM_SetLedMode
                0x81212d80       0x40 C:/devkitPro/libogc/lib/wii\libogc.a(stm.o)
                0x81212d80                STM_SetLedMode
 .text.STM_RebootSystem
                0x81212dc0       0x50 C:/devkitPro/libogc/lib/wii\libogc.a(stm.o)
                0x81212dc0                STM_RebootSystem
 .text.__IOS_InitializeSubsystems
                0x81212e10       0x44 C:/devkitPro/libogc/lib/wii\libogc.a(ios.o)
                0x81212e10                __IOS_InitializeSubsystems
 .text.__IOS_ShutdownSubsystems
                0x81212e54       0x44 C:/devkitPro/libogc/lib/wii\libogc.a(ios.o)
                0x81212e54                __IOS_ShutdownSubsystems
 .text.__IOS_LaunchNewIOS
                0x81212e98      0x1ec C:/devkitPro/libogc/lib/wii\libogc.a(ios.o)
                0x81212e98                __IOS_LaunchNewIOS
 .text.__IOS_LoadStartupIOS
                0x81213084        0x8 C:/devkitPro/libogc/lib/wii\libogc.a(ios.o)
                0x81213084                __IOS_LoadStartupIOS
 .text.IOS_ReloadIOS
                0x8121308c       0xe0 C:/devkitPro/libogc/lib/wii\libogc.a(ios.o)
                0x8121308c                IOS_ReloadIOS
 .text._ES_fstat_r
                0x8121316c      0x120 C:/devkitPro/libogc/lib/wii\libogc.a(es.o)
 .text._ES_seek_r
                0x8121328c       0xdc C:/devkitPro/libogc/lib/wii\libogc.a(es.o)
 .text._ES_close_r
                0x81213368       0xac C:/devkitPro/libogc/lib/wii\libogc.a(es.o)
 .text.__ES_Init
                0x81213414       0x78 C:/devkitPro/libogc/lib/wii\libogc.a(es.o)
                0x81213414                __ES_Init
 .text.__ES_Close
                0x8121348c       0x54 C:/devkitPro/libogc/lib/wii\libogc.a(es.o)
                0x8121348c                __ES_Close
 .text.__ES_Reset
                0x812134e0       0x10 C:/devkitPro/libogc/lib/wii\libogc.a(es.o)
                0x812134e0                __ES_Reset
 .text.ES_GetTitleID
                0x812134f0       0x94 C:/devkitPro/libogc/lib/wii\libogc.a(es.o)
                0x812134f0                ES_GetTitleID
 .text.ES_LaunchTitle
                0x81213584       0xa4 C:/devkitPro/libogc/lib/wii\libogc.a(es.o)
                0x81213584                ES_LaunchTitle
 .text.ES_LaunchTitleBackground
                0x81213628       0xa4 C:/devkitPro/libogc/lib/wii\libogc.a(es.o)
                0x81213628                ES_LaunchTitleBackground
 .text.ES_GetNumTicketViews
                0x812136cc       0x98 C:/devkitPro/libogc/lib/wii\libogc.a(es.o)
                0x812136cc                ES_GetNumTicketViews
 .text.ES_GetTicketViews
                0x81213764       0x8c C:/devkitPro/libogc/lib/wii\libogc.a(es.o)
                0x81213764                ES_GetTicketViews
 .text.ES_GetStoredTMD
                0x812137f0       0x90 C:/devkitPro/libogc/lib/wii\libogc.a(es.o)
                0x812137f0                ES_GetStoredTMD
 .text._ES_decodepath
                0x81213880      0x440 C:/devkitPro/libogc/lib/wii\libogc.a(es.o)
 .text._ES_stat_r
                0x81213cc0       0xf4 C:/devkitPro/libogc/lib/wii\libogc.a(es.o)
 .text._ES_open_r
                0x81213db4      0x1d0 C:/devkitPro/libogc/lib/wii\libogc.a(es.o)
 .text.ES_ReadContent
                0x81213f84       0x6c C:/devkitPro/libogc/lib/wii\libogc.a(es.o)
                0x81213f84                ES_ReadContent
 .text._ES_read_r
                0x81213ff0      0x17c C:/devkitPro/libogc/lib/wii\libogc.a(es.o)
 .text.__gcsda_clearStatus
                0x8121416c        0x8 C:/devkitPro/libogc/lib/wii\libogc.a(gcsd.o)
 .text.__gcsda_shutdown
                0x81214174       0x28 C:/devkitPro/libogc/lib/wii\libogc.a(gcsd.o)
 .text.__gcsdb_shutdown
                0x8121419c       0x28 C:/devkitPro/libogc/lib/wii\libogc.a(gcsd.o)
 .text.__gcsda_writeSectors
                0x812141c4       0x3c C:/devkitPro/libogc/lib/wii\libogc.a(gcsd.o)
 .text.__gcsdb_writeSectors
                0x81214200       0x3c C:/devkitPro/libogc/lib/wii\libogc.a(gcsd.o)
 .text.__gcsda_readSectors
                0x8121423c       0x3c C:/devkitPro/libogc/lib/wii\libogc.a(gcsd.o)
 .text.__gcsdb_readSectors
                0x81214278       0x3c C:/devkitPro/libogc/lib/wii\libogc.a(gcsd.o)
 .text.__gcsda_isInserted
                0x812142b4       0x2c C:/devkitPro/libogc/lib/wii\libogc.a(gcsd.o)
 .text.__gcsdb_isInserted
                0x812142e0       0x2c C:/devkitPro/libogc/lib/wii\libogc.a(gcsd.o)
 .text.__gcsdb_startup
                0x8121430c       0x68 C:/devkitPro/libogc/lib/wii\libogc.a(gcsd.o)
 .text.__gcsdb_clearStatus
                0x81214374        0x8 C:/devkitPro/libogc/lib/wii\libogc.a(gcsd.o)
 .text.__gcsda_startup
                0x8121437c       0x68 C:/devkitPro/libogc/lib/wii\libogc.a(gcsd.o)
 .text.__CheckARGV
                0x812143e4       0x80 C:/devkitPro/libogc/lib/wii\libogc.a(argv.o)
                0x812143e4                __CheckARGV
 .text.sdio_ClearStatus
                0x81214464        0x8 C:/devkitPro/libogc/lib/wii\libogc.a(wiisd.o)
 .text.__sdio_sendcommand
                0x8121446c      0x118 C:/devkitPro/libogc/lib/wii\libogc.a(wiisd.o)
 .text.__sdio_waithcr
                0x81214584      0x148 C:/devkitPro/libogc/lib/wii\libogc.a(wiisd.o)
 .text.sdio_IsInserted
                0x812146cc       0x58 C:/devkitPro/libogc/lib/wii\libogc.a(wiisd.o)
 .text.sdio_Shutdown
                0x81214724       0x80 C:/devkitPro/libogc/lib/wii\libogc.a(wiisd.o)
 .text.sdio_WriteSectors
                0x812147a4      0x1d4 C:/devkitPro/libogc/lib/wii\libogc.a(wiisd.o)
 .text.sdio_ReadSectors
                0x81214978      0x1d4 C:/devkitPro/libogc/lib/wii\libogc.a(wiisd.o)
 .text.__sd0_deselect.isra.0
                0x81214b4c       0xdc C:/devkitPro/libogc/lib/wii\libogc.a(wiisd.o)
 .text.sdio_Startup
                0x81214c28      0x854 C:/devkitPro/libogc/lib/wii\libogc.a(wiisd.o)
 .text.CONF_Init
                0x8121547c      0x184 C:/devkitPro/libogc/lib/wii\libogc.a(conf.o)
                0x8121547c                CONF_Init
 .text.__CONF_GetTxt
                0x81215600      0x208 C:/devkitPro/libogc/lib/wii\libogc.a(conf.o)
                0x81215600                __CONF_GetTxt
 .text.__CONF_Find
                0x81215808       0xfc C:/devkitPro/libogc/lib/wii\libogc.a(conf.o)
                0x81215808                __CONF_Find
 .text.CONF_GetLength
                0x81215904      0x12c C:/devkitPro/libogc/lib/wii\libogc.a(conf.o)
                0x81215904                CONF_GetLength
 .text.CONF_Get
                0x81215a30      0x140 C:/devkitPro/libogc/lib/wii\libogc.a(conf.o)
                0x81215a30                CONF_Get
 .text.CONF_GetShutdownMode
                0x81215b70       0x54 C:/devkitPro/libogc/lib/wii\libogc.a(conf.o)
                0x81215b70                CONF_GetShutdownMode
 .text.CONF_GetIdleLedMode
                0x81215bc4       0x54 C:/devkitPro/libogc/lib/wii\libogc.a(conf.o)
                0x81215bc4                CONF_GetIdleLedMode
 .text.CONF_GetProgressiveScan
                0x81215c18       0x54 C:/devkitPro/libogc/lib/wii\libogc.a(conf.o)
                0x81215c18                CONF_GetProgressiveScan
 .text.CONF_GetEuRGB60
                0x81215c6c       0x54 C:/devkitPro/libogc/lib/wii\libogc.a(conf.o)
                0x81215c6c                CONF_GetEuRGB60
 .text.CONF_GetCounterBias
                0x81215cc0       0x4c C:/devkitPro/libogc/lib/wii\libogc.a(conf.o)
                0x81215cc0                CONF_GetCounterBias
 .text.CONF_GetDisplayOffsetH
                0x81215d0c       0x4c C:/devkitPro/libogc/lib/wii\libogc.a(conf.o)
                0x81215d0c                CONF_GetDisplayOffsetH
 .text.CONF_GetVideo
                0x81215d58       0x88 C:/devkitPro/libogc/lib/wii\libogc.a(conf.o)
                0x81215d58                CONF_GetVideo
 .text.__usb_deviceremoved_cb
                0x81215de0       0x10 C:/devkitPro/libogc/lib/wii\libogc.a(usbstorage.o)
 .text.__usbstorage_ClearStatus
                0x81215df0        0x8 C:/devkitPro/libogc/lib/wii\libogc.a(usbstorage.o)
 .text.__usb_blkmsg_cb
                0x81215df8       0x34 C:/devkitPro/libogc/lib/wii\libogc.a(usbstorage.o)
 .text.__usb_timeouthandler
                0x81215e2c       0x10 C:/devkitPro/libogc/lib/wii\libogc.a(usbstorage.o)
 .text.__USB_BlkMsgTimeout
                0x81215e3c       0xf0 C:/devkitPro/libogc/lib/wii\libogc.a(usbstorage.o)
 .text.__send_cbw
                0x81215f2c      0x184 C:/devkitPro/libogc/lib/wii\libogc.a(usbstorage.o)
 .text.__read_csw
                0x812160b0      0x110 C:/devkitPro/libogc/lib/wii\libogc.a(usbstorage.o)
 .text.__usbstorage_reset
                0x812161c0      0x108 C:/devkitPro/libogc/lib/wii\libogc.a(usbstorage.o)
 .text.__cycle.constprop.0
                0x812162c8      0x2c8 C:/devkitPro/libogc/lib/wii\libogc.a(usbstorage.o)
 .text.__usbstorage_clearerrors
                0x81216590      0x108 C:/devkitPro/libogc/lib/wii\libogc.a(usbstorage.o)
 .text.USBStorage_Initialize
                0x81216698      0x110 C:/devkitPro/libogc/lib/wii\libogc.a(usbstorage.o)
                0x81216698                USBStorage_Initialize
 .text.__usbstorage_Startup
                0x812167a8       0x50 C:/devkitPro/libogc/lib/wii\libogc.a(usbstorage.o)
 .text.USBStorage_Close
                0x812167f8       0xa8 C:/devkitPro/libogc/lib/wii\libogc.a(usbstorage.o)
                0x812167f8                USBStorage_Close
 .text.__usbstorage_Shutdown
                0x812168a0       0x4c C:/devkitPro/libogc/lib/wii\libogc.a(usbstorage.o)
 .text.USBStorage_Open
                0x812168ec      0x4b4 C:/devkitPro/libogc/lib/wii\libogc.a(usbstorage.o)
                0x812168ec                USBStorage_Open
 .text.USBStorage_Inquiry
                0x81216da0       0xc4 C:/devkitPro/libogc/lib/wii\libogc.a(usbstorage.o)
                0x81216da0                USBStorage_Inquiry
 .text.USBStorage_ReadCapacity
                0x81216e64       0xac C:/devkitPro/libogc/lib/wii\libogc.a(usbstorage.o)
                0x81216e64                USBStorage_ReadCapacity
 .text.USBStorage_MountLUN
                0x81216f10       0xe8 C:/devkitPro/libogc/lib/wii\libogc.a(usbstorage.o)
                0x81216f10                USBStorage_MountLUN
 .text.__usbstorage_IsInserted
                0x81216ff8      0x370 C:/devkitPro/libogc/lib/wii\libogc.a(usbstorage.o)
 .text.USBStorage_Read
                0x81217368      0x158 C:/devkitPro/libogc/lib/wii\libogc.a(usbstorage.o)
                0x81217368                USBStorage_Read
 .text.__usbstorage_ReadSectors
                0x812174c0       0x5c C:/devkitPro/libogc/lib/wii\libogc.a(usbstorage.o)
 .text.USBStorage_Write
                0x8121751c      0x158 C:/devkitPro/libogc/lib/wii\libogc.a(usbstorage.o)
                0x8121751c                USBStorage_Write
 .text.__usbstorage_WriteSectors
                0x81217674       0x5c C:/devkitPro/libogc/lib/wii\libogc.a(usbstorage.o)
 .text.__WII_WriteNANDBootInfo.isra.0
                0x812176d0       0xbc C:/devkitPro/libogc/lib/wii\libogc.a(wiilaunch.o)
 .text.__WII_WriteStateFlags.isra.0
                0x8121778c       0x94 C:/devkitPro/libogc/lib/wii\libogc.a(wiilaunch.o)
 .text.WII_Initialize
                0x81217820      0x188 C:/devkitPro/libogc/lib/wii\libogc.a(wiilaunch.o)
                0x81217820                WII_Initialize
 .text.WII_LaunchTitle
                0x812179a8      0x1ac C:/devkitPro/libogc/lib/wii\libogc.a(wiilaunch.o)
                0x812179a8                WII_LaunchTitle
 .text.WII_ReturnToMenu
                0x81217b54       0x58 C:/devkitPro/libogc/lib/wii\libogc.a(wiilaunch.o)
                0x81217b54                WII_ReturnToMenu
 .text.__lwp_priority_init
                0x81217bac       0x1c C:/devkitPro/libogc/lib/wii\libogc.a(lwp_priority.o)
                0x81217bac                __lwp_priority_init
 .text.__lwp_queue_initialize
                0x81217bc8       0x98 C:/devkitPro/libogc/lib/wii\libogc.a(lwp_queue.o)
                0x81217bc8                __lwp_queue_initialize
 .text.__lwp_queue_get
                0x81217c60       0x74 C:/devkitPro/libogc/lib/wii\libogc.a(lwp_queue.o)
                0x81217c60                __lwp_queue_get
 .text.__lwp_queue_append
                0x81217cd4       0x4c C:/devkitPro/libogc/lib/wii\libogc.a(lwp_queue.o)
                0x81217cd4                __lwp_queue_append
 .text.__lwp_threadqueue_enqueuefifo
                0x81217d20      0x12c C:/devkitPro/libogc/lib/wii\libogc.a(lwp_threadq.o)
                0x81217d20                __lwp_threadqueue_enqueuefifo
 .text.__lwp_threadqueue_dequeuefifo
                0x81217e4c      0x134 C:/devkitPro/libogc/lib/wii\libogc.a(lwp_threadq.o)
                0x81217e4c                __lwp_threadqueue_dequeuefifo
 .text.__lwp_threadqueue_enqueuepriority
                0x81217f80      0x334 C:/devkitPro/libogc/lib/wii\libogc.a(lwp_threadq.o)
                0x81217f80                __lwp_threadqueue_enqueuepriority
 .text.__lwp_threadqueue_dequeuepriority
                0x812182b4      0x1d8 C:/devkitPro/libogc/lib/wii\libogc.a(lwp_threadq.o)
                0x812182b4                __lwp_threadqueue_dequeuepriority
 .text.__lwp_threadqueue_init
                0x8121848c       0x64 C:/devkitPro/libogc/lib/wii\libogc.a(lwp_threadq.o)
                0x8121848c                __lwp_threadqueue_init
 .text.__lwp_threadqueue_enqueue
                0x812184f0      0x138 C:/devkitPro/libogc/lib/wii\libogc.a(lwp_threadq.o)
                0x812184f0                __lwp_threadqueue_enqueue
 .text.__lwp_threadqueue_dequeue
                0x81218628       0x24 C:/devkitPro/libogc/lib/wii\libogc.a(lwp_threadq.o)
                0x81218628                __lwp_threadqueue_dequeue
 .text.__lwp_threadqueue_flush
                0x8121864c       0x68 C:/devkitPro/libogc/lib/wii\libogc.a(lwp_threadq.o)
                0x8121864c                __lwp_threadqueue_flush
 .text.__lwp_threadqueue_extractfifo
                0x812186b4       0xe8 C:/devkitPro/libogc/lib/wii\libogc.a(lwp_threadq.o)
                0x812186b4                __lwp_threadqueue_extractfifo
 .text.__lwp_threadqueue_extractpriority
                0x8121879c      0x148 C:/devkitPro/libogc/lib/wii\libogc.a(lwp_threadq.o)
                0x8121879c                __lwp_threadqueue_extractpriority
 .text.__lwp_threadqueue_timeout
                0x812188e4       0xd0 C:/devkitPro/libogc/lib/wii\libogc.a(lwp_threadq.o)
 .text.__lwp_threadqueue_extractproxy
                0x812189b4       0x64 C:/devkitPro/libogc/lib/wii\libogc.a(lwp_threadq.o)
                0x812189b4                __lwp_threadqueue_extractproxy
 .text.idle_func
                0x81218a18        0x4 C:/devkitPro/libogc/lib/wii\libogc.a(lwp.o)
 .text.__lwp_sysinit
                0x81218a1c      0x114 C:/devkitPro/libogc/lib/wii\libogc.a(lwp.o)
                0x81218a1c                __lwp_sysinit
 .text.LWP_InitQueue
                0x81218b30      0x140 C:/devkitPro/libogc/lib/wii\libogc.a(lwp.o)
                0x81218b30                LWP_InitQueue
 .text.LWP_CloseQueue
                0x81218c70       0xd4 C:/devkitPro/libogc/lib/wii\libogc.a(lwp.o)
                0x81218c70                LWP_CloseQueue
 .text.LWP_ThreadSleep
                0x81218d44       0xf8 C:/devkitPro/libogc/lib/wii\libogc.a(lwp.o)
                0x81218d44                LWP_ThreadSleep
 .text.LWP_ThreadBroadcast
                0x81218e3c       0x88 C:/devkitPro/libogc/lib/wii\libogc.a(lwp.o)
                0x81218e3c                LWP_ThreadBroadcast
 .text.LWP_ThreadSignal
                0x81218ec4       0x74 C:/devkitPro/libogc/lib/wii\libogc.a(lwp.o)
                0x81218ec4                LWP_ThreadSignal
 .text.__lwp_mutex_initialize
                0x81218f38       0xa4 C:/devkitPro/libogc/lib/wii\libogc.a(lwp_mutex.o)
                0x81218f38                __lwp_mutex_initialize
 .text.__lwp_mutex_surrender
                0x81218fdc      0x14c C:/devkitPro/libogc/lib/wii\libogc.a(lwp_mutex.o)
                0x81218fdc                __lwp_mutex_surrender
 .text.__lwp_mutex_seize_irq_blocking
                0x81219128       0xf8 C:/devkitPro/libogc/lib/wii\libogc.a(lwp_mutex.o)
                0x81219128                __lwp_mutex_seize_irq_blocking
 .text.__lwp_mutex_flush
                0x81219220        0x4 C:/devkitPro/libogc/lib/wii\libogc.a(lwp_mutex.o)
                0x81219220                __lwp_mutex_flush
 .text.__systemcall_init
                0x81219224       0x70 C:/devkitPro/libogc/lib/wii\libogc.a(exception.o)
                0x81219224                __systemcall_init
 .text.__exception_init
                0x81219294      0x120 C:/devkitPro/libogc/lib/wii\libogc.a(exception.o)
                0x81219294                __exception_init
 .text.__exception_close
                0x812193b4       0xac C:/devkitPro/libogc/lib/wii\libogc.a(exception.o)
                0x812193b4                __exception_close
 .text.__exception_closeall
                0x81219460       0x80 C:/devkitPro/libogc/lib/wii\libogc.a(exception.o)
                0x81219460                __exception_closeall
 .text.c_default_exceptionhandler
                0x812194e0      0x458 C:/devkitPro/libogc/lib/wii\libogc.a(exception.o)
                0x812194e0                c_default_exceptionhandler
 .text.__SetInterrupts
                0x81219938      0x268 C:/devkitPro/libogc/lib/wii\libogc.a(irq.o)
 .text.c_irqdispatcher
                0x81219ba0      0x278 C:/devkitPro/libogc/lib/wii\libogc.a(irq.o)
                0x81219ba0                c_irqdispatcher
 .text.__UnmaskIrq
                0x81219e18       0x84 C:/devkitPro/libogc/lib/wii\libogc.a(irq.o)
                0x81219e18                __UnmaskIrq
 .text.__MaskIrq
                0x81219e9c       0x84 C:/devkitPro/libogc/lib/wii\libogc.a(irq.o)
                0x81219e9c                __MaskIrq
 .text.__irq_init
                0x81219f20       0x84 C:/devkitPro/libogc/lib/wii\libogc.a(irq.o)
                0x81219f20                __irq_init
 .text.IRQ_Request
                0x81219fa4       0x50 C:/devkitPro/libogc/lib/wii\libogc.a(irq.o)
                0x81219fa4                IRQ_Request
 .text.IRQ_GetHandler
                0x81219ff4       0x44 C:/devkitPro/libogc/lib/wii\libogc.a(irq.o)
                0x81219ff4                IRQ_GetHandler
 .text.IRQ_Free
                0x8121a038       0x54 C:/devkitPro/libogc/lib/wii\libogc.a(irq.o)
                0x8121a038                IRQ_Free
 .text.__lwp_sema_init
                0x8121a08c       0x14 C:/devkitPro/libogc/lib/wii\libogc.a(semaphore.o)
                0x8121a08c                __lwp_sema_init
 .text.SPEC1_MakeStatus
                0x8121a0a0      0x104 C:/devkitPro/libogc/lib/wii\libogc.a(pad.o)
 .text.__pad_samplinghandler
                0x8121a1a4        0x4 C:/devkitPro/libogc/lib/wii\libogc.a(pad.o)
 .text.__pad_doreset
                0x8121a1a8       0x50 C:/devkitPro/libogc/lib/wii\libogc.a(pad.o)
 .text.__pad_updateorigin
                0x8121a1f8       0xa4 C:/devkitPro/libogc/lib/wii\libogc.a(pad.o)
 .text.__pad_disable
                0x8121a29c       0xbc C:/devkitPro/libogc/lib/wii\libogc.a(pad.o)
 .text.__pad_receivecheckcallback
                0x8121a358       0x84 C:/devkitPro/libogc/lib/wii\libogc.a(pad.o)
 .text.__pad_typeandstatuscallback
                0x8121a3dc      0x1ac C:/devkitPro/libogc/lib/wii\libogc.a(pad.o)
 .text.__pad_originupdatecallback
                0x8121a588       0x2c C:/devkitPro/libogc/lib/wii\libogc.a(pad.o)
 .text.__pad_onreset
                0x8121a5b4      0x108 C:/devkitPro/libogc/lib/wii\libogc.a(pad.o)
 .text.SPEC2_MakeStatus
                0x8121a6bc      0x214 C:/devkitPro/libogc/lib/wii\libogc.a(pad.o)
 .text.__pad_origincallback
                0x8121a8d0       0x74 C:/devkitPro/libogc/lib/wii\libogc.a(pad.o)
 .text.__pad_probecallback
                0x8121a944       0x88 C:/devkitPro/libogc/lib/wii\libogc.a(pad.o)
 .text.__PADDisableRecalibration
                0x8121a9cc       0x64 C:/devkitPro/libogc/lib/wii\libogc.a(pad.o)
                0x8121a9cc                __PADDisableRecalibration
 .text.PAD_Reset
                0x8121aa30       0xf0 C:/devkitPro/libogc/lib/wii\libogc.a(pad.o)
                0x8121aa30                PAD_Reset
 .text.PAD_Read
                0x8121ab20      0x2d4 C:/devkitPro/libogc/lib/wii\libogc.a(pad.o)
                0x8121ab20                PAD_Read
 .text.PAD_Init
                0x8121adf4       0xf8 C:/devkitPro/libogc/lib/wii\libogc.a(pad.o)
                0x8121adf4                PAD_Init
 .text.PAD_ScanPads
                0x8121aeec      0x15c C:/devkitPro/libogc/lib/wii\libogc.a(pad.o)
                0x8121aeec                PAD_ScanPads
 .text.PAD_ButtonsDown
                0x8121b048       0x40 C:/devkitPro/libogc/lib/wii\libogc.a(pad.o)
                0x8121b048                PAD_ButtonsDown
 .text.__exi_irq_handler
                0x8121b088       0x58 C:/devkitPro/libogc/lib/wii\libogc.a(exi.o)
 .text.__ext_irq_handler
                0x8121b0e0       0xc8 C:/devkitPro/libogc/lib/wii\libogc.a(exi.o)
 .text.__tc_irq_handler
                0x8121b1a8      0x178 C:/devkitPro/libogc/lib/wii\libogc.a(exi.o)
 .text.__exi_probe
                0x8121b320      0x214 C:/devkitPro/libogc/lib/wii\libogc.a(exi.o)
 .text.__exi_attach
                0x8121b534      0x104 C:/devkitPro/libogc/lib/wii\libogc.a(exi.o)
 .text.EXI_Lock
                0x8121b638      0x218 C:/devkitPro/libogc/lib/wii\libogc.a(exi.o)
                0x8121b638                EXI_Lock
 .text.EXI_Unlock
                0x8121b850      0x224 C:/devkitPro/libogc/lib/wii\libogc.a(exi.o)
                0x8121b850                EXI_Unlock
 .text.EXI_Select
                0x8121ba74      0x208 C:/devkitPro/libogc/lib/wii\libogc.a(exi.o)
                0x8121ba74                EXI_Select
 .text.EXI_Deselect
                0x8121bc7c      0x16c C:/devkitPro/libogc/lib/wii\libogc.a(exi.o)
                0x8121bc7c                EXI_Deselect
 .text.EXI_Sync
                0x8121bde8      0x108 C:/devkitPro/libogc/lib/wii\libogc.a(exi.o)
                0x8121bde8                EXI_Sync
 .text.EXI_Imm  0x8121bef0      0x1f8 C:/devkitPro/libogc/lib/wii\libogc.a(exi.o)
                0x8121bef0                EXI_Imm
 .text.EXI_ImmEx
                0x8121c0e8       0xd8 C:/devkitPro/libogc/lib/wii\libogc.a(exi.o)
                0x8121c0e8                EXI_ImmEx
 .text.EXI_Dma  0x8121c1c0      0x16c C:/devkitPro/libogc/lib/wii\libogc.a(exi.o)
                0x8121c1c0                EXI_Dma
 .text.EXI_GetState
                0x8121c32c       0x18 C:/devkitPro/libogc/lib/wii\libogc.a(exi.o)
                0x8121c32c                EXI_GetState
 .text.EXI_Detach
                0x8121c344       0xb0 C:/devkitPro/libogc/lib/wii\libogc.a(exi.o)
                0x8121c344                EXI_Detach
 .text.EXI_GetID
                0x8121c3f4      0x338 C:/devkitPro/libogc/lib/wii\libogc.a(exi.o)
                0x8121c3f4                EXI_GetID
 .text.EXI_SelectSD
                0x8121c72c      0x254 C:/devkitPro/libogc/lib/wii\libogc.a(exi.o)
                0x8121c72c                EXI_SelectSD
 .text.__unlocked_handler
                0x8121c980       0x28 C:/devkitPro/libogc/lib/wii\libogc.a(exi.o)
 .text.EXI_Probe
                0x8121c9a8       0x80 C:/devkitPro/libogc/lib/wii\libogc.a(exi.o)
                0x8121c9a8                EXI_Probe
 .text.EXI_Attach
                0x8121ca28       0xd4 C:/devkitPro/libogc/lib/wii\libogc.a(exi.o)
                0x8121ca28                EXI_Attach
 .text.EXI_ProbeEx
                0x8121cafc       0xa4 C:/devkitPro/libogc/lib/wii\libogc.a(exi.o)
                0x8121cafc                EXI_ProbeEx
 .text.EXI_ProbeReset
                0x8121cba0       0x70 C:/devkitPro/libogc/lib/wii\libogc.a(exi.o)
                0x8121cba0                EXI_ProbeReset
 .text.__exi_init
                0x8121cc10      0x188 C:/devkitPro/libogc/lib/wii\libogc.a(exi.o)
                0x8121cc10                __exi_init
 .text.__GX_InitRevBits
                0x8121cd98       0x98 C:/devkitPro/libogc/lib/wii\libogc.a(gx.o)
 .text.GX_AbortFrame
                0x8121ce30      0x3d8 C:/devkitPro/libogc/lib/wii\libogc.a(gx.o)
                0x8121ce30                GX_AbortFrame
 .text.number   0x8121d208      0x318 C:/devkitPro/libogc/lib/wii\libogc.a(kprintf.o)
 .text.kvsprintf
                0x8121d520      0x888 C:/devkitPro/libogc/lib/wii\libogc.a(kprintf.o)
                0x8121d520                kvsprintf
 .text.kprintf  0x8121dda8       0xac C:/devkitPro/libogc/lib/wii\libogc.a(kprintf.o)
                0x8121dda8                kprintf
 .text.__usbv5_devicechangeCB
                0x8121de54      0x180 C:/devkitPro/libogc/lib/wii\libogc.a(usb.o)
 .text.__usbv5_attachfinishCB
                0x8121dfd4       0xcc C:/devkitPro/libogc/lib/wii\libogc.a(usb.o)
 .text.__usbv5_messageCB
                0x8121e0a0       0x5c C:/devkitPro/libogc/lib/wii\libogc.a(usb.o)
 .text.__usbv0_messageCB
                0x8121e0fc       0xa8 C:/devkitPro/libogc/lib/wii\libogc.a(usb.o)
 .text.__usb_control_message
                0x8121e1a4      0x428 C:/devkitPro/libogc/lib/wii\libogc.a(usb.o)
 .text.__usb_interrupt_bulk_message
                0x8121e5cc      0x2c0 C:/devkitPro/libogc/lib/wii\libogc.a(usb.o)
 .text.USB_FreeDescriptors.part.0
                0x8121e88c       0xfc C:/devkitPro/libogc/lib/wii\libogc.a(usb.o)
 .text.USB_GetDescriptors.part.0
                0x8121e988      0x674 C:/devkitPro/libogc/lib/wii\libogc.a(usb.o)
 .text.USB5_RegisterDeviceRemoval
                0x8121effc       0xe8 C:/devkitPro/libogc/lib/wii\libogc.a(usb.o)
 .text.USBV5_SuspendResume
                0x8121f0e4      0x138 C:/devkitPro/libogc/lib/wii\libogc.a(usb.o)
 .text.USBV5_GetDescriptors
                0x8121f21c      0x518 C:/devkitPro/libogc/lib/wii\libogc.a(usb.o)
 .text.USB_Deinitialize
                0x8121f734       0xc8 C:/devkitPro/libogc/lib/wii\libogc.a(usb.o)
                0x8121f734                USB_Deinitialize
 .text.USB_Initialize
                0x8121f7fc      0x2f8 C:/devkitPro/libogc/lib/wii\libogc.a(usb.o)
                0x8121f7fc                USB_Initialize
 .text.USB_OpenDevice
                0x8121faf4      0x2b8 C:/devkitPro/libogc/lib/wii\libogc.a(usb.o)
                0x8121faf4                USB_OpenDevice
 .text.USBV5_CloseDevice
                0x8121fdac      0x128 C:/devkitPro/libogc/lib/wii\libogc.a(usb.o)
                0x8121fdac                USBV5_CloseDevice
 .text.USB_CloseDevice
                0x8121fed4       0x90 C:/devkitPro/libogc/lib/wii\libogc.a(usb.o)
                0x8121fed4                USB_CloseDevice
 .text.USB_GetDescriptors
                0x8121ff64       0x40 C:/devkitPro/libogc/lib/wii\libogc.a(usb.o)
                0x8121ff64                USB_GetDescriptors
 .text.USB_FreeDescriptors
                0x8121ffa4       0x10 C:/devkitPro/libogc/lib/wii\libogc.a(usb.o)
                0x8121ffa4                USB_FreeDescriptors
 .text.USB_WriteBlkMsgAsync
                0x8121ffb4       0x28 C:/devkitPro/libogc/lib/wii\libogc.a(usb.o)
                0x8121ffb4                USB_WriteBlkMsgAsync
 .text.USB_WriteCtrlMsgAsync
                0x8121ffdc        0x4 C:/devkitPro/libogc/lib/wii\libogc.a(usb.o)
                0x8121ffdc                USB_WriteCtrlMsgAsync
 .text.USB_DeviceRemovalNotifyAsync
                0x8121ffe0       0xbc C:/devkitPro/libogc/lib/wii\libogc.a(usb.o)
                0x8121ffe0                USB_DeviceRemovalNotifyAsync
 .text.USB_ResumeDevice
                0x8122009c       0x2c C:/devkitPro/libogc/lib/wii\libogc.a(usb.o)
                0x8122009c                USB_ResumeDevice
 .text.USB_GetDeviceList
                0x812200c8      0x2bc C:/devkitPro/libogc/lib/wii\libogc.a(usb.o)
                0x812200c8                USB_GetDeviceList
 .text.USB_SetConfiguration
                0x81220384       0x40 C:/devkitPro/libogc/lib/wii\libogc.a(usb.o)
                0x81220384                USB_SetConfiguration
 .text.USB_GetConfiguration
                0x812203c4       0xa4 C:/devkitPro/libogc/lib/wii\libogc.a(usb.o)
                0x812203c4                USB_GetConfiguration
 .text.USB_SetAlternativeInterface
                0x81220468       0x40 C:/devkitPro/libogc/lib/wii\libogc.a(usb.o)
                0x81220468                USB_SetAlternativeInterface
 .text.USB_ClearHalt
                0x812204a8      0x1d0 C:/devkitPro/libogc/lib/wii\libogc.a(usb.o)
                0x812204a8                USB_ClearHalt
 .text.__card_exthandler
                0x81220678       0x64 C:/devkitPro/libogc/lib/wii\libogc.a(sdgecko_io.o)
 .text.__exi_unlock
                0x812206dc       0x34 C:/devkitPro/libogc/lib/wii\libogc.a(sdgecko_io.o)
 .text.__card_dataread
                0x81220710      0x2cc C:/devkitPro/libogc/lib/wii\libogc.a(sdgecko_io.o)
 .text.__card_readresponse
                0x812209dc      0x1a8 C:/devkitPro/libogc/lib/wii\libogc.a(sdgecko_io.o)
 .text.__card_response2
                0x81220b84       0x88 C:/devkitPro/libogc/lib/wii\libogc.a(sdgecko_io.o)
 .text.__card_writecmd.constprop.0
                0x81220c0c      0x23c C:/devkitPro/libogc/lib/wii\libogc.a(sdgecko_io.o)
 .text.__card_stopreadresponse.constprop.0
                0x81220e48      0x2d0 C:/devkitPro/libogc/lib/wii\libogc.a(sdgecko_io.o)
 .text.__card_setblocklen
                0x81221118      0x164 C:/devkitPro/libogc/lib/wii\libogc.a(sdgecko_io.o)
 .text.__card_softreset
                0x8122127c      0x320 C:/devkitPro/libogc/lib/wii\libogc.a(sdgecko_io.o)
 .text.__card_sendappcmd
                0x8122159c      0x120 C:/devkitPro/libogc/lib/wii\libogc.a(sdgecko_io.o)
 .text.__card_sd_status
                0x812216bc       0xe0 C:/devkitPro/libogc/lib/wii\libogc.a(sdgecko_io.o)
 .text.__card_readcid
                0x8122179c      0x13c C:/devkitPro/libogc/lib/wii\libogc.a(sdgecko_io.o)
 .text.__card_readcsd
                0x812218d8      0x13c C:/devkitPro/libogc/lib/wii\libogc.a(sdgecko_io.o)
 .text.sdgecko_initIODefault
                0x81221a14      0x19c C:/devkitPro/libogc/lib/wii\libogc.a(sdgecko_io.o)
                0x81221a14                sdgecko_initIODefault
 .text.sdgecko_doUnmount
                0x81221bb0       0xd4 C:/devkitPro/libogc/lib/wii\libogc.a(sdgecko_io.o)
                0x81221bb0                sdgecko_doUnmount
 .text.sdgecko_initIO
                0x81221c84      0x600 C:/devkitPro/libogc/lib/wii\libogc.a(sdgecko_io.o)
                0x81221c84                sdgecko_initIO
 .text.__card_retrycb
                0x81222284       0x18 C:/devkitPro/libogc/lib/wii\libogc.a(sdgecko_io.o)
 .text.sdgecko_preIO
                0x8122229c       0x24 C:/devkitPro/libogc/lib/wii\libogc.a(sdgecko_io.o)
                0x8122229c                sdgecko_preIO
 .text.sdgecko_readStatus
                0x812222c0       0x84 C:/devkitPro/libogc/lib/wii\libogc.a(sdgecko_io.o)
                0x812222c0                sdgecko_readStatus
 .text.sdgecko_readSectors
                0x81222344      0x33c C:/devkitPro/libogc/lib/wii\libogc.a(sdgecko_io.o)
                0x81222344                sdgecko_readSectors
 .text.sdgecko_writeSectors
                0x81222680      0xa7c C:/devkitPro/libogc/lib/wii\libogc.a(sdgecko_io.o)
                0x81222680                sdgecko_writeSectors
 .text.sdgecko_initBufferPool
                0x812230fc       0x28 C:/devkitPro/libogc/lib/wii\libogc.a(sdgecko_buf.o)
                0x812230fc                sdgecko_initBufferPool
 .text.net_wc24cleanup
                0x81223124       0x64 C:/devkitPro/libogc/lib/wii\libogc.a(network_wii.o)
                0x81223124                net_wc24cleanup
 .text.__divdi3
                0x81223188      0x3ec C:/devkitPro/devkitPPC/bin/../lib/gcc/powerpc-eabi/13.1.0\libgcc.a(_divdi3.o)
                0x81223188                __divdi3
 .text.__moddi3
                0x81223574      0x3a0 C:/devkitPro/devkitPPC/bin/../lib/gcc/powerpc-eabi/13.1.0\libgcc.a(_moddi3.o)
                0x81223574                __moddi3
 .text.__udivdi3
                0x81223914      0x3bc C:/devkitPro/devkitPPC/bin/../lib/gcc/powerpc-eabi/13.1.0\libgcc.a(_udivdi3.o)
                0x81223914                __udivdi3
 .text.__umoddi3
                0x81223cd0      0x390 C:/devkitPro/devkitPPC/bin/../lib/gcc/powerpc-eabi/13.1.0\libgcc.a(_umoddi3.o)
                0x81223cd0                __umoddi3
 .text.unlikely.abort
                0x81224060       0x34 C:/devkitPro/devkitPPC/bin/../lib/gcc/powerpc-eabi/13.1.0/../../../../powerpc-eabi/lib\libsysbase.a(libsysbase_libsysbase_a-abort.o)
                0x81224060                abort
 .text.build_argv
                0x81224094      0x118 C:/devkitPro/devkitPPC/bin/../lib/gcc/powerpc-eabi/13.1.0/../../../../powerpc-eabi/lib\libsysbase.a(libsysbase_libsysbase_a-build_argv.o)
                0x81224094                build_argv
 .text.chdir    0x812241ac      0x1b4 C:/devkitPro/devkitPPC/bin/../lib/gcc/powerpc-eabi/13.1.0/../../../../powerpc-eabi/lib\libsysbase.a(libsysbase_libsysbase_a-chdir.o)
                0x812241ac                chdir
 .text.getcwd   0x81224360       0xcc C:/devkitPro/devkitPPC/bin/../lib/gcc/powerpc-eabi/13.1.0/../../../../powerpc-eabi/lib\libsysbase.a(libsysbase_libsysbase_a-chdir.o)
                0x81224360                getcwd
 .text._concatenate_path
                0x8122442c      0x278 C:/devkitPro/devkitPPC/bin/../lib/gcc/powerpc-eabi/13.1.0/../../../../powerpc-eabi/lib\libsysbase.a(libsysbase_libsysbase_a-concatenate.o)
                0x8122442c                _concatenate_path
 .text.__getreent
                0x812246a4       0x20 C:/devkitPro/devkitPPC/bin/../lib/gcc/powerpc-eabi/13.1.0/../../../../powerpc-eabi/lib\libsysbase.a(libsysbase_libsysbase_a-getreent.o)
                0x812246a4                __getreent
 .text.null_write
                0x812246c4        0x8 C:/devkitPro/devkitPPC/bin/../lib/gcc/powerpc-eabi/13.1.0/../../../../powerpc-eabi/lib\libsysbase.a(libsysbase_libsysbase_a-iosupport.o)
 .text.setDefaultDevice
                0x812246cc       0x18 C:/devkitPro/devkitPPC/bin/../lib/gcc/powerpc-eabi/13.1.0/../../../../powerpc-eabi/lib\libsysbase.a(libsysbase_libsysbase_a-iosupport.o)
                0x812246cc                setDefaultDevice
 .text.FindDevice
                0x812246e4      0x14c C:/devkitPro/devkitPPC/bin/../lib/gcc/powerpc-eabi/13.1.0/../../../../powerpc-eabi/lib\libsysbase.a(libsysbase_libsysbase_a-iosupport.o)
                0x812246e4                FindDevice
 .text.RemoveDevice
                0x81224830       0x44 C:/devkitPro/devkitPPC/bin/../lib/gcc/powerpc-eabi/13.1.0/../../../../powerpc-eabi/lib\libsysbase.a(libsysbase_libsysbase_a-iosupport.o)
                0x81224830                RemoveDevice
 .text.AddDevice
                0x81224874      0x118 C:/devkitPro/devkitPPC/bin/../lib/gcc/powerpc-eabi/13.1.0/../../../../powerpc-eabi/lib\libsysbase.a(libsysbase_libsysbase_a-iosupport.o)
                0x81224874                AddDevice
 .text.GetDeviceOpTab
                0x8122498c       0x4c C:/devkitPro/devkitPPC/bin/../lib/gcc/powerpc-eabi/13.1.0/../../../../powerpc-eabi/lib\libsysbase.a(libsysbase_libsysbase_a-iosupport.o)
                0x8122498c                GetDeviceOpTab
 .text.usleep   0x812249d8       0x9c C:/devkitPro/devkitPPC/bin/../lib/gcc/powerpc-eabi/13.1.0/../../../../powerpc-eabi/lib\libsysbase.a(libsysbase_libsysbase_a-usleep.o)
                0x812249d8                usleep
 .text._exit    0x81224a74       0x28 C:/devkitPro/devkitPPC/bin/../lib/gcc/powerpc-eabi/13.1.0/../../../../powerpc-eabi/lib\libsysbase.a(libsysbase_libsysbase_a-_exit.o)
                0x81224a74                _exit
 .text.nanosleep
                0x81224a9c       0x64 C:/devkitPro/devkitPPC/bin/../lib/gcc/powerpc-eabi/13.1.0/../../../../powerpc-eabi/lib\libsysbase.a(libsysbase_libsysbase_a-nanosleep.o)
                0x81224a9c                nanosleep
 .text.strncpy  0x81224b00      0x108 C:/devkitPro/devkitPPC/bin/../lib/gcc/powerpc-eabi/13.1.0/../../../../powerpc-eabi/lib\libc.a(libc_a-strncpy.o)
                0x81224b00                strncpy
 .text.strcmp   0x81224c08       0x9c C:/devkitPro/devkitPPC/bin/../lib/gcc/powerpc-eabi/13.1.0/../../../../powerpc-eabi/lib\libc.a(libc_a-strcmp.o)
                0x81224c08                strcmp
 .text.memset   0x81224ca4      0x198 C:/devkitPro/devkitPPC/bin/../lib/gcc/powerpc-eabi/13.1.0/../../../../powerpc-eabi/lib\libc.a(libc_a-memset.o)
                0x81224ca4                memset
 .text._fread_r
                0x81224e3c      0x42c C:/devkitPro/devkitPPC/bin/../lib/gcc/powerpc-eabi/13.1.0/../../../../powerpc-eabi/lib\libc.a(libc_a-fread.o)
                0x81224e3c                _fread_r
 .text.fread    0x81225268       0x60 C:/devkitPro/devkitPPC/bin/../lib/gcc/powerpc-eabi/13.1.0/../../../../powerpc-eabi/lib\libc.a(libc_a-fread.o)
                0x81225268                fread
 .text.strncasecmp
                0x812252c8       0x80 C:/devkitPro/devkitPPC/bin/../lib/gcc/powerpc-eabi/13.1.0/../../../../powerpc-eabi/lib\libc.a(libc_a-strncasecmp.o)
                0x812252c8                strncasecmp
 .text.stat     0x81225348       0x40 C:/devkitPro/devkitPPC/bin/../lib/gcc/powerpc-eabi/13.1.0/../../../../powerpc-eabi/lib\libc.a(libc_a-sysstat.o)
                0x81225348                stat
 .text.__smakebuf_r
                0x81225388      0x190 C:/devkitPro/devkitPPC/bin/../lib/gcc/powerpc-eabi/13.1.0/../../../../powerpc-eabi/lib\libc.a(libc_a-makebuf.o)
                0x81225388                __smakebuf_r
 .text.__swhatbuf_r
                0x81225518       0xec C:/devkitPro/devkitPPC/bin/../lib/gcc/powerpc-eabi/13.1.0/../../../../powerpc-eabi/lib\libc.a(libc_a-makebuf.o)
                0x81225518                __swhatbuf_r
 .text.__locale_mb_cur_max
                0x81225604       0x4c C:/devkitPro/devkitPPC/bin/../lib/gcc/powerpc-eabi/13.1.0/../../../../powerpc-eabi/lib\libc.a(libc_a-locale.o)
                0x81225604                __locale_mb_cur_max